Archive member included to satisfy reference by file (symbol)

/opt/st/stm32cubeide_1.17.0/plugins/com.st.stm32cube.ide.mcu.externaltools.gnu-tools-for-stm32.12.3.rel1.linux64_1.1.0.202410170702/tools/bin/../lib/gcc/arm-none-eabi/12.3.1/../../../../arm-none-eabi/lib/thumb/v7e-m+fp/hard/libc_nano.a(libc_a-atof.o)
                              ./Core/Src/GNSS.o (atof)
/opt/st/stm32cubeide_1.17.0/plugins/com.st.stm32cube.ide.mcu.externaltools.gnu-tools-for-stm32.12.3.rel1.linux64_1.1.0.202410170702/tools/bin/../lib/gcc/arm-none-eabi/12.3.1/../../../../arm-none-eabi/lib/thumb/v7e-m+fp/hard/libc_nano.a(libc_a-atoi.o)
                              ./Core/Src/GNSS.o (atoi)
/opt/st/stm32cubeide_1.17.0/plugins/com.st.stm32cube.ide.mcu.externaltools.gnu-tools-for-stm32.12.3.rel1.linux64_1.1.0.202410170702/tools/bin/../lib/gcc/arm-none-eabi/12.3.1/../../../../arm-none-eabi/lib/thumb/v7e-m+fp/hard/libc_nano.a(libc_a-exit.o)
                              /opt/st/stm32cubeide_1.17.0/plugins/com.st.stm32cube.ide.mcu.externaltools.gnu-tools-for-stm32.12.3.rel1.linux64_1.1.0.202410170702/tools/bin/../lib/gcc/arm-none-eabi/12.3.1/../../../../arm-none-eabi/lib/thumb/v7e-m+fp/hard/crt0.o (exit)
/opt/st/stm32cubeide_1.17.0/plugins/com.st.stm32cube.ide.mcu.externaltools.gnu-tools-for-stm32.12.3.rel1.linux64_1.1.0.202410170702/tools/bin/../lib/gcc/arm-none-eabi/12.3.1/../../../../arm-none-eabi/lib/thumb/v7e-m+fp/hard/libc_nano.a(libc_a-strtod.o)
                              /opt/st/stm32cubeide_1.17.0/plugins/com.st.stm32cube.ide.mcu.externaltools.gnu-tools-for-stm32.12.3.rel1.linux64_1.1.0.202410170702/tools/bin/../lib/gcc/arm-none-eabi/12.3.1/../../../../arm-none-eabi/lib/thumb/v7e-m+fp/hard/libc_nano.a(libc_a-atof.o) (strtod)
/opt/st/stm32cubeide_1.17.0/plugins/com.st.stm32cube.ide.mcu.externaltools.gnu-tools-for-stm32.12.3.rel1.linux64_1.1.0.202410170702/tools/bin/../lib/gcc/arm-none-eabi/12.3.1/../../../../arm-none-eabi/lib/thumb/v7e-m+fp/hard/libc_nano.a(libc_a-strtol.o)
                              /opt/st/stm32cubeide_1.17.0/plugins/com.st.stm32cube.ide.mcu.externaltools.gnu-tools-for-stm32.12.3.rel1.linux64_1.1.0.202410170702/tools/bin/../lib/gcc/arm-none-eabi/12.3.1/../../../../arm-none-eabi/lib/thumb/v7e-m+fp/hard/libc_nano.a(libc_a-atoi.o) (_strtol_r)
/opt/st/stm32cubeide_1.17.0/plugins/com.st.stm32cube.ide.mcu.externaltools.gnu-tools-for-stm32.12.3.rel1.linux64_1.1.0.202410170702/tools/bin/../lib/gcc/arm-none-eabi/12.3.1/../../../../arm-none-eabi/lib/thumb/v7e-m+fp/hard/libc_nano.a(libc_a-ctype_.o)
                              /opt/st/stm32cubeide_1.17.0/plugins/com.st.stm32cube.ide.mcu.externaltools.gnu-tools-for-stm32.12.3.rel1.linux64_1.1.0.202410170702/tools/bin/../lib/gcc/arm-none-eabi/12.3.1/../../../../arm-none-eabi/lib/thumb/v7e-m+fp/hard/libc_nano.a(libc_a-strtol.o) (_ctype_)
/opt/st/stm32cubeide_1.17.0/plugins/com.st.stm32cube.ide.mcu.externaltools.gnu-tools-for-stm32.12.3.rel1.linux64_1.1.0.202410170702/tools/bin/../lib/gcc/arm-none-eabi/12.3.1/../../../../arm-none-eabi/lib/thumb/v7e-m+fp/hard/libc_nano.a(libc_a-nano-vfprintf_float.o)
                              (_printf_float)
/opt/st/stm32cubeide_1.17.0/plugins/com.st.stm32cube.ide.mcu.externaltools.gnu-tools-for-stm32.12.3.rel1.linux64_1.1.0.202410170702/tools/bin/../lib/gcc/arm-none-eabi/12.3.1/../../../../arm-none-eabi/lib/thumb/v7e-m+fp/hard/libc_nano.a(libc_a-nano-vfprintf_i.o)
                              /opt/st/stm32cubeide_1.17.0/plugins/com.st.stm32cube.ide.mcu.externaltools.gnu-tools-for-stm32.12.3.rel1.linux64_1.1.0.202410170702/tools/bin/../lib/gcc/arm-none-eabi/12.3.1/../../../../arm-none-eabi/lib/thumb/v7e-m+fp/hard/libc_nano.a(libc_a-nano-vfprintf_float.o) (_printf_common)
/opt/st/stm32cubeide_1.17.0/plugins/com.st.stm32cube.ide.mcu.externaltools.gnu-tools-for-stm32.12.3.rel1.linux64_1.1.0.202410170702/tools/bin/../lib/gcc/arm-none-eabi/12.3.1/../../../../arm-none-eabi/lib/thumb/v7e-m+fp/hard/libc_nano.a(libc_a-findfp.o)
                              /opt/st/stm32cubeide_1.17.0/plugins/com.st.stm32cube.ide.mcu.externaltools.gnu-tools-for-stm32.12.3.rel1.linux64_1.1.0.202410170702/tools/bin/../lib/gcc/arm-none-eabi/12.3.1/../../../../arm-none-eabi/lib/thumb/v7e-m+fp/hard/libc_nano.a(libc_a-exit.o) (__stdio_exit_handler)
/opt/st/stm32cubeide_1.17.0/plugins/com.st.stm32cube.ide.mcu.externaltools.gnu-tools-for-stm32.12.3.rel1.linux64_1.1.0.202410170702/tools/bin/../lib/gcc/arm-none-eabi/12.3.1/../../../../arm-none-eabi/lib/thumb/v7e-m+fp/hard/libc_nano.a(libc_a-fwalk.o)
                              /opt/st/stm32cubeide_1.17.0/plugins/com.st.stm32cube.ide.mcu.externaltools.gnu-tools-for-stm32.12.3.rel1.linux64_1.1.0.202410170702/tools/bin/../lib/gcc/arm-none-eabi/12.3.1/../../../../arm-none-eabi/lib/thumb/v7e-m+fp/hard/libc_nano.a(libc_a-findfp.o) (_fwalk_sglue)
[...]
Memory Configuration

Name             Origin             Length             Attributes
RAM              0x20000000         0x00008000         xrw
FLASH            0x08000000         0x00020000         xr
*default*        0x00000000         0xffffffff

Linker script and memory map

LOAD /opt/st/stm32cubeide_1.17.0/plugins/com.st.stm32cube.ide.mcu.externaltools.gnu-tools-for-stm32.12.3.rel1.linux64_1.1.0.202410170702/tools/bin/../lib/gcc/arm-none-eabi/12.3.1/thumb/v7e-m+fp/hard/crti.o
LOAD /opt/st/stm32cubeide_1.17.0/plugins/com.st.stm32cube.ide.mcu.externaltools.gnu-tools-for-stm32.12.3.rel1.linux64_1.1.0.202410170702/tools/bin/../lib/gcc/arm-none-eabi/12.3.1/thumb/v7e-m+fp/hard/crtbegin.o
LOAD /opt/st/stm32cubeide_1.17.0/plugins/com.st.stm32cube.ide.mcu.externaltools.gnu-tools-for-stm32.12.3.rel1.linux64_1.1.0.202410170702/tools/bin/../lib/gcc/arm-none-eabi/12.3.1/../../../../arm-none-eabi/lib/thumb/v7e-m+fp/hard/crt0.o
LOAD ./Core/Src/BAR.o
LOAD ./Core/Src/GNSS.o
LOAD ./Core/Src/IMU.o
LOAD ./Core/Src/IMU_FUSION.o
LOAD ./Core/Src/LORA.o
LOAD ./Core/Src/ROCKET.o
LOAD ./Core/Src/ROCKET_FSM.o
LOAD ./Core/Src/SD.o
LOAD ./Core/Src/circ_buffer.o
LOAD ./Core/Src/e22900t22d.o
LOAD ./Core/Src/fatfs_sd_card.o
LOAD ./Core/Src/icp10100.o
LOAD ./Core/Src/main.o
LOAD ./Core/Src/quaternion.o
LOAD ./Core/Src/stm32g4xx_hal_msp.o
LOAD ./Core/Src/stm32g4xx_it.o
LOAD ./Core/Src/syscalls.o
LOAD ./Core/Src/sysmem.o
LOAD ./Core/Src/system_stm32g4xx.o
LOAD ./Core/Startup/startup_stm32g431cbtx.o
LOAD ./Drivers/STM32G4xx_HAL_Driver/Src/stm32g4xx_hal.o
LOAD ./Drivers/STM32G4xx_HAL_Driver/Src/stm32g4xx_hal_cortex.o
LOAD ./Drivers/STM32G4xx_HAL_Driver/Src/stm32g4xx_hal_dma.o
LOAD ./Drivers/STM32G4xx_HAL_Driver/Src/stm32g4xx_hal_dma_ex.o
LOAD ./Drivers/STM32G4xx_HAL_Driver/Src/stm32g4xx_hal_exti.o
LOAD ./Drivers/STM32G4xx_HAL_Driver/Src/stm32g4xx_hal_flash.o
LOAD ./Drivers/STM32G4xx_HAL_Driver/Src/stm32g4xx_hal_flash_ex.o
LOAD ./Drivers/STM32G4xx_HAL_Driver/Src/stm32g4xx_hal_flash_ramfunc.o
LOAD ./Drivers/STM32G4xx_HAL_Driver/Src/stm32g4xx_hal_gpio.o
LOAD ./Drivers/STM32G4xx_HAL_Driver/Src/stm32g4xx_hal_i2c.o
LOAD ./Drivers/STM32G4xx_HAL_Driver/Src/stm32g4xx_hal_i2c_ex.o
LOAD ./Drivers/STM32G4xx_HAL_Driver/Src/stm32g4xx_hal_pwr.o
LOAD ./Drivers/STM32G4xx_HAL_Driver/Src/stm32g4xx_hal_pwr_ex.o
LOAD ./Drivers/STM32G4xx_HAL_Driver/Src/stm32g4xx_hal_rcc.o
LOAD ./Drivers/STM32G4xx_HAL_Driver/Src/stm32g4xx_hal_rcc_ex.o
LOAD ./Drivers/STM32G4xx_HAL_Driver/Src/stm32g4xx_hal_spi.o
LOAD ./Drivers/STM32G4xx_HAL_Driver/Src/stm32g4xx_hal_spi_ex.o
LOAD ./Drivers/STM32G4xx_HAL_Driver/Src/stm32g4xx_hal_uart.o
LOAD ./Drivers/STM32G4xx_HAL_Driver/Src/stm32g4xx_hal_uart_ex.o
LOAD ./FATFS/App/app_fatfs.o
LOAD ./FATFS/Target/user_diskio.o
LOAD ./Middlewares/Third_Party/FatFs/src/diskio.o
LOAD ./Middlewares/Third_Party/FatFs/src/ff.o
LOAD ./Middlewares/Third_Party/FatFs/src/ff_gen_drv.o
LOAD ./Middlewares/Third_Party/FatFs/src/option/ccsbcs.o
LOAD ./Middlewares/Third_Party/FatFs/src/option/syscall.o
START GROUP
LOAD /opt/st/stm32cubeide_1.17.0/plugins/com.st.stm32cube.ide.mcu.externaltools.gnu-tools-for-stm32.12.3.rel1.linux64_1.1.0.202410170702/tools/bin/../lib/gcc/arm-none-eabi/12.3.1/../../../../arm-none-eabi/lib/thumb/v7e-m+fp/hard/libc_nano.a
LOAD /opt/st/stm32cubeide_1.17.0/plugins/com.st.stm32cube.ide.mcu.externaltools.gnu-tools-for-stm32.12.3.rel1.linux64_1.1.0.202410170702/tools/bin/../lib/gcc/arm-none-eabi/12.3.1/../../../../arm-none-eabi/lib/thumb/v7e-m+fp/hard/libm.a
END GROUP
START GROUP
LOAD /opt/st/stm32cubeide_1.17.0/plugins/com.st.stm32cube.ide.mcu.externaltools.gnu-tools-for-stm32.12.3.rel1.linux64_1.1.0.202410170702/tools/bin/../lib/gcc/arm-none-eabi/12.3.1/thumb/v7e-m+fp/hard/libgcc.a
LOAD /opt/st/stm32cubeide_1.17.0/plugins/com.st.stm32cube.ide.mcu.externaltools.gnu-tools-for-stm32.12.3.rel1.linux64_1.1.0.202410170702/tools/bin/../lib/gcc/arm-none-eabi/12.3.1/../../../../arm-none-eabi/lib/thumb/v7e-m+fp/hard/libc_nano.a
END GROUP
START GROUP
LOAD /opt/st/stm32cubeide_1.17.0/plugins/com.st.stm32cube.ide.mcu.externaltools.gnu-tools-for-stm32.12.3.rel1.linux64_1.1.0.202410170702/tools/bin/../lib/gcc/arm-none-eabi/12.3.1/thumb/v7e-m+fp/hard/libgcc.a
LOAD /opt/st/stm32cubeide_1.17.0/plugins/com.st.stm32cube.ide.mcu.externaltools.gnu-tools-for-stm32.12.3.rel1.linux64_1.1.0.202410170702/tools/bin/../lib/gcc/arm-none-eabi/12.3.1/../../../../arm-none-eabi/lib/thumb/v7e-m+fp/hard/libc_nano.a
LOAD /opt/st/stm32cubeide_1.17.0/plugins/com.st.stm32cube.ide.mcu.externaltools.gnu-tools-for-stm32.12.3.rel1.linux64_1.1.0.202410170702/tools/bin/../lib/gcc/arm-none-eabi/12.3.1/../../../../arm-none-eabi/lib/thumb/v7e-m+fp/hard/libnosys.a
END GROUP
START GROUP
LOAD /opt/st/stm32cubeide_1.17.0/plugins/com.st.stm32cube.ide.mcu.externaltools.gnu-tools-for-stm32.12.3.rel1.linux64_1.1.0.202410170702/tools/bin/../lib/gcc/arm-none-eabi/12.3.1/thumb/v7e-m+fp/hard/libgcc.a
LOAD /opt/st/stm32cubeide_1.17.0/plugins/com.st.stm32cube.ide.mcu.externaltools.gnu-tools-for-stm32.12.3.rel1.linux64_1.1.0.202410170702/tools/bin/../lib/gcc/arm-none-eabi/12.3.1/../../../../arm-none-eabi/lib/thumb/v7e-m+fp/hard/libc_nano.a
LOAD /opt/st/stm32cubeide_1.17.0/plugins/com.st.stm32cube.ide.mcu.externaltools.gnu-tools-for-stm32.12.3.rel1.linux64_1.1.0.202410170702/tools/bin/../lib/gcc/arm-none-eabi/12.3.1/../../../../arm-none-eabi/lib/thumb/v7e-m+fp/hard/libnosys.a
END GROUP
LOAD /opt/st/stm32cubeide_1.17.0/plugins/com.st.stm32cube.ide.mcu.externaltools.gnu-tools-for-stm32.12.3.rel1.linux64_1.1.0.202410170702/tools/bin/../lib/gcc/arm-none-eabi/12.3.1/thumb/v7e-m+fp/hard/crtend.o
LOAD /opt/st/stm32cubeide_1.17.0/plugins/com.st.stm32cube.ide.mcu.externaltools.gnu-tools-for-stm32.12.3.rel1.linux64_1.1.0.202410170702/tools/bin/../lib/gcc/arm-none-eabi/12.3.1/thumb/v7e-m+fp/hard/crtn.o
                0x20008000                        _estack = (ORIGIN (RAM) + LENGTH (RAM))
                0x00000800                        _Min_Heap_Size = 0x800
                0x00000800                        _Min_Stack_Size = 0x800

.isr_vector     0x08000000      0x1d8
                0x08000000                        . = ALIGN (0x4)
 *(.isr_vector)
 .isr_vector    0x08000000      0x1d8 ./Core/Startup/startup_stm32g431cbtx.o
                0x08000000                g_pfnVectors
                0x080001d8                        . = ALIGN (0x4)

.text           0x080001e0    0x134a0
                0x080001e0                        . = ALIGN (0x4)
 *(.text)
 .text          0x080001e0       0x40 /opt/st/stm32cubeide_1.17.0/plugins/com.st.stm32cube.ide.mcu.externaltools.gnu-tools-for-stm32.12.3.rel1.linux64_1.1.0.202410170702/tools/bin/../lib/gcc/arm-none-eabi/12.3.1/thumb/v7e-m+fp/hard/crtbegin.o
 .text          0x08000220       0xa0 /opt/st/stm32cubeide_1.17.0/plugins/com.st.stm32cube.ide.mcu.externaltools.gnu-tools-for-stm32.12.3.rel1.linux64_1.1.0.202410170702/tools/bin/../lib/gcc/arm-none-eabi/12.3.1/../../../../arm-none-eabi/lib/thumb/v7e-m+fp/hard/libc_nano.a(libc_a-memchr.o)
                0x08000220                memchr
 .text          0x080002c0       0x10 /opt/st/stm32cubeide_1.17.0/plugins/com.st.stm32cube.ide.mcu.externaltools.gnu-tools-for-stm32.12.3.rel1.linux64_1.1.0.202410170702/tools/bin/../lib/gcc/arm-none-eabi/12.3.1/../../../../arm-none-eabi/lib/thumb/v7e-m+fp/hard/libc_nano.a(libc_a-strlen.o)
                0x080002c0                strlen
 .text          0x080002d0      0x378 /opt/st/stm32cubeide_1.17.0/plugins/com.st.stm32cube.ide.mcu.externaltools.gnu-tools-for-stm32.12.3.rel1.linux64_1.1.0.202410170702/tools/bin/../lib/gcc/arm-none-eabi/12.3.1/thumb/v7e-m+fp/hard/libgcc.a(_arm_addsubdf3.o)
                0x080002d0                __aeabi_drsub
                0x080002d8                __aeabi_dsub
                0x080002d8                __subdf3
                0x080002dc                __adddf3
                0x080002dc                __aeabi_dadd
                0x08000554                __aeabi_ui2d
                0x08000554                __floatunsidf
                0x08000574                __floatsidf
                0x08000574                __aeabi_i2d
                0x08000598                __extendsfdf2
                0x08000598                __aeabi_f2d
                0x080005dc                __aeabi_ul2d
                0x080005dc                __floatundidf
                0x080005ec                __floatdidf
                0x080005ec                __aeabi_l2d
 .text          0x08000648      0x424 /opt/st/stm32cubeide_1.17.0/plugins/com.st.stm32cube.ide.mcu.externaltools.gnu-tools-for-stm32.12.3.rel1.linux64_1.1.0.202410170702/tools/bin/../lib/gcc/arm-none-eabi/12.3.1/thumb/v7e-m+fp/hard/libgcc.a(_arm_muldivdf3.o)
                0x08000648                __aeabi_dmul
                0x08000648                __muldf3
                0x0800089c                __aeabi_ddiv
                0x0800089c                __divdf3
 .text          0x08000a6c      0x110 /opt/st/stm32cubeide_1.17.0/plugins/com.st.stm32cube.ide.mcu.externaltools.gnu-tools-for-stm32.12.3.rel1.linux64_1.1.0.202410170702/tools/bin/../lib/gcc/arm-none-eabi/12.3.1/thumb/v7e-m+fp/hard/libgcc.a(_arm_cmpdf2.o)
                0x08000a6c                __gtdf2
                0x08000a6c                __gedf2
                0x08000a74                __ltdf2
                0x08000a74                __ledf2
                0x08000a7c                __cmpdf2
                0x08000a7c                __eqdf2
                0x08000a7c                __nedf2
                0x08000af8                __aeabi_cdrcmple
                0x08000b08                __aeabi_cdcmple
                0x08000b08                __aeabi_cdcmpeq
                0x08000b18                __aeabi_dcmpeq
                0x08000b2c                __aeabi_dcmplt
                0x08000b40                __aeabi_dcmple
                0x08000b54                __aeabi_dcmpge
                0x08000b68                __aeabi_dcmpgt
 .text          0x08000b7c       0x2c /opt/st/stm32cubeide_1.17.0/plugins/com.st.stm32cube.ide.mcu.externaltools.gnu-tools-for-stm32.12.3.rel1.linux64_1.1.0.202410170702/tools/bin/../lib/gcc/arm-none-eabi/12.3.1/thumb/v7e-m+fp/hard/libgcc.a(_arm_unorddf2.o)
                0x08000b7c                __aeabi_dcmpun
                0x08000b7c                __unorddf2
 .text          0x08000ba8       0x50 /opt/st/stm32cubeide_1.17.0/plugins/com.st.stm32cube.ide.mcu.externaltools.gnu-tools-for-stm32.12.3.rel1.linux64_1.1.0.202410170702/tools/bin/../lib/gcc/arm-none-eabi/12.3.1/thumb/v7e-m+fp/hard/libgcc.a(_arm_fixdfsi.o)
                0x08000ba8                __fixdfsi
                0x08000ba8                __aeabi_d2iz
 .text          0x08000bf8       0x40 /opt/st/stm32cubeide_1.17.0/plugins/com.st.stm32cube.ide.mcu.externaltools.gnu-tools-for-stm32.12.3.rel1.linux64_1.1.0.202410170702/tools/bin/../lib/gcc/arm-none-eabi/12.3.1/thumb/v7e-m+fp/hard/libgcc.a(_arm_fixunsdfsi.o)
                0x08000bf8                __fixunsdfsi
                0x08000bf8                __aeabi_d2uiz
 .text          0x08000c38       0xa0 /opt/st/stm32cubeide_1.17.0/plugins/com.st.stm32cube.ide.mcu.externaltools.gnu-tools-for-stm32.12.3.rel1.linux64_1.1.0.202410170702/tools/bin/../lib/gcc/arm-none-eabi/12.3.1/thumb/v7e-m+fp/hard/libgcc.a(_arm_truncdfsf2.o)
                0x08000c38                __aeabi_d2f
                0x08000c38                __truncdfsf2
 .text          0x08000cd8       0x30 /opt/st/stm32cubeide_1.17.0/plugins/com.st.stm32cube.ide.mcu.externaltools.gnu-tools-for-stm32.12.3.rel1.linux64_1.1.0.202410170702/tools/bin/../lib/gcc/arm-none-eabi/12.3.1/thumb/v7e-m+fp/hard/libgcc.a(_aeabi_uldivmod.o)
                0x08000cd8                __aeabi_uldivmod
 .text          0x08000d08       0x30 /opt/st/stm32cubeide_1.17.0/plugins/com.st.stm32cube.ide.mcu.externaltools.gnu-tools-for-stm32.12.3.rel1.linux64_1.1.0.202410170702/tools/bin/../lib/gcc/arm-none-eabi/12.3.1/thumb/v7e-m+fp/hard/libgcc.a(_fixdfdi.o)
                0x08000d08                __aeabi_d2lz
                0x08000d08                __fixdfdi
 .text          0x08000d38       0x3c /opt/st/stm32cubeide_1.17.0/plugins/com.st.stm32cube.ide.mcu.externaltools.gnu-tools-for-stm32.12.3.rel1.linux64_1.1.0.202410170702/tools/bin/../lib/gcc/arm-none-eabi/12.3.1/thumb/v7e-m+fp/hard/libgcc.a(_fixunsdfdi.o)
                0x08000d38                __aeabi_d2ulz
                0x08000d38                __fixunsdfdi
 .text          0x08000d74      0x2bc /opt/st/stm32cubeide_1.17.0/plugins/com.st.stm32cube.ide.mcu.externaltools.gnu-tools-for-stm32.12.3.rel1.linux64_1.1.0.202410170702/tools/bin/../lib/gcc/arm-none-eabi/12.3.1/thumb/v7e-m+fp/hard/libgcc.a(_udivmoddi4.o)
                0x08000d74                __udivmoddi4
 .text          0x08001030        0x4 /opt/st/stm32cubeide_1.17.0/plugins/com.st.stm32cube.ide.mcu.externaltools.gnu-tools-for-stm32.12.3.rel1.linux64_1.1.0.202410170702/tools/bin/../lib/gcc/arm-none-eabi/12.3.1/thumb/v7e-m+fp/hard/libgcc.a(_dvmd_tls.o)
                0x08001030                __aeabi_ldiv0
                0x08001030                __aeabi_idiv0
 *(.text*)
 .text.calculate_conversion_constants
                0x08001034       0x9e ./Core/Src/BAR.o
 *fill*         0x080010d2        0x2 
 .text.BAR_Init
                0x080010d4       0x18 ./Core/Src/BAR.o
                0x080010d4                BAR_Init
 .text.BAR_ReadCalibration
                0x080010ec       0x6c ./Core/Src/BAR.o
                0x080010ec                BAR_ReadCalibration
 .text.BAR_CalculateConversionConstants
                0x08001158       0xbc ./Core/Src/BAR.o
                0x08001158                BAR_CalculateConversionConstants
 .text.BAR_Begin
                0x08001214       0x2e ./Core/Src/BAR.o
                0x08001214                BAR_Begin
 .text.BAR_ReadRaw
                0x08001242       0x60 ./Core/Src/BAR.o
                0x08001242                BAR_ReadRaw
 *fill*         0x080012a2        0x2 
 .text.BAR_CalculateAltitude
                0x080012a4       0x2c ./Core/Src/BAR.o
                0x080012a4                BAR_CalculateAltitude
 .text.BAR_ConvertPressureWithCalibration
                0x080012d0       0xe4 ./Core/Src/BAR.o
                0x080012d0                BAR_ConvertPressureWithCalibration
 .text.BAR_ConvertData
                0x080013b4       0x6c ./Core/Src/BAR.o
                0x080013b4                BAR_ConvertData
 .text.BAR_CalculateDisplacement
                0x08001420       0x1c ./Core/Src/BAR.o
                0x08001420                BAR_CalculateDisplacement
 .text.BAR_SaveInitialAltitude
                0x0800143c       0x22 ./Core/Src/BAR.o
                0x0800143c                BAR_SaveInitialAltitude
 .text.BAR_Update
                0x0800145e       0x40 ./Core/Src/BAR.o
                0x0800145e                BAR_Update
 *fill*         0x0800149e        0x2 
 .text.GNSS_Init
                0x080014a0       0x3c ./Core/Src/GNSS.o
                0x080014a0                GNSS_Init
 .text.GNSS_StartDMA
                0x080014dc       0x98 ./Core/Src/GNSS.o
                0x080014dc                GNSS_StartDMA
 .text.GNSS_GetSystemFromTalker
                0x08001574       0x78 ./Core/Src/GNSS.o
                0x08001574                GNSS_GetSystemFromTalker
 .text.GNSS_GetMessageType
                0x080015ec       0x74 ./Core/Src/GNSS.o
                0x080015ec                GNSS_GetMessageType
 .text.GNSS_ValidateChecksum
                0x08001660       0x68 ./Core/Src/GNSS.o
                0x08001660                GNSS_ValidateChecksum
 .text.GNSS_ConvertCoordinate
                0x080016c8       0x58 ./Core/Src/GNSS.o
                0x080016c8                GNSS_ConvertCoordinate
 .text.GNSS_ConvertToDecimal
                0x08001720       0xb0 ./Core/Src/GNSS.o
                0x08001720                GNSS_ConvertToDecimal
 .text.GNSS_SaveInitialPosition
                0x080017d0       0x7c ./Core/Src/GNSS.o
                0x080017d0                GNSS_SaveInitialPosition
 .text.GNSS_CheckFixStatus
                0x0800184c       0x24 ./Core/Src/GNSS.o
                0x0800184c                GNSS_CheckFixStatus
 .text.GNSS_CalculateDisplacement
                0x08001870      0x21c ./Core/Src/GNSS.o
                0x08001870                GNSS_CalculateDisplacement
 .text.GNSS_SendCommand
                0x08001a8c       0x4c ./Core/Src/GNSS.o
                0x08001a8c                GNSS_SendCommand
 .text.GNSS_Configure
                0x08001ad8       0x98 ./Core/Src/GNSS.o
                0x08001ad8                GNSS_Configure
 .text.parseRMC
                0x08001b70      0x1b4 ./Core/Src/GNSS.o
                0x08001b70                parseRMC
 .text.parseGGA
                0x08001d24      0x10c ./Core/Src/GNSS.o
                0x08001d24                parseGGA
 .text.parseGSA
                0x08001e30       0xe0 ./Core/Src/GNSS.o
                0x08001e30                parseGSA
 .text.parseNMEA
                0x08001f10       0xa4 ./Core/Src/GNSS.o
                0x08001f10                parseNMEA
 .text.GNSS_ProcessData
                0x08001fb4       0x7a ./Core/Src/GNSS.o
                0x08001fb4                GNSS_ProcessData
 *fill*         0x0800202e        0x2 
 .text.IMU_Init
                0x08002030       0x44 ./Core/Src/IMU.o
                0x08002030                IMU_Init
 .text.IMU_SetMagScale
                0x08002074       0x22 ./Core/Src/IMU.o
                0x08002074                IMU_SetMagScale
 *fill*         0x08002096        0x2 
 .text.IMU_ConvertData
                0x08002098      0x16c ./Core/Src/IMU.o
                0x08002098                IMU_ConvertData
 .text.IMU_FilterData
                0x08002204       0xc8 ./Core/Src/IMU.o
                0x08002204                IMU_FilterData
 .text.IMU_CalculateNED
                0x080022cc      0x1ec ./Core/Src/IMU.o
                0x080022cc                IMU_CalculateNED
 .text.IMU_SaveInitialPosition
                0x080024b8       0x52 ./Core/Src/IMU.o
                0x080024b8                IMU_SaveInitialPosition
 .text.IMU_CalculateDisplacement
                0x0800250a       0x6c ./Core/Src/IMU.o
                0x0800250a                IMU_CalculateDisplacement
 .text.IMU_WriteReg
                0x08002576       0x48 ./Core/Src/IMU.o
                0x08002576                IMU_WriteReg
 .text.IMU_SelectBank
                0x080025be       0x2e ./Core/Src/IMU.o
                0x080025be                IMU_SelectBank
 .text.IMU_SetRange
                0x080025ec       0xa4 ./Core/Src/IMU.o
                0x080025ec                IMU_SetRange
 .text.IMU_ReadReg
                0x08002690       0x4a ./Core/Src/IMU.o
                0x08002690                IMU_ReadReg
 .text.IMU_ReadRawData
                0x080026da       0x76 ./Core/Src/IMU.o
                0x080026da                IMU_ReadRawData
 .text.IMU_Update
                0x08002750       0x9c ./Core/Src/IMU.o
                0x08002750                IMU_Update
 .text.IMU_Calibrate
                0x080027ec       0xbc ./Core/Src/IMU.o
                0x080027ec                IMU_Calibrate
 .text.IMU_SetMagCalibration
                0x080028a8       0x1c ./Core/Src/IMU.o
                0x080028a8                IMU_SetMagCalibration
 .text.MAG_WriteReg
                0x080028c4       0x5a ./Core/Src/IMU.o
                0x080028c4                MAG_WriteReg
 .text.MAG_ReadReg
                0x0800291e       0x4c ./Core/Src/IMU.o
                0x0800291e                MAG_ReadReg
 .text.MAG_Init
                0x0800296a       0xaa ./Core/Src/IMU.o
                0x0800296a                MAG_Init
 .text.IMU_Begin
                0x08002a14       0xb4 ./Core/Src/IMU.o
                0x08002a14                IMU_Begin
 .text.FILTER_Apply
                0x08002ac8       0x56 ./Core/Src/IMU_FUSION.o
                0x08002ac8                FILTER_Apply
 .text.FILTER_Reset
                0x08002b1e       0x14 ./Core/Src/IMU_FUSION.o
                0x08002b1e                FILTER_Reset
 *fill*         0x08002b32        0x6 
 .text.FILTER_InitLowPass
                0x08002b38       0xb4 ./Core/Src/IMU_FUSION.o
                0x08002b38                FILTER_InitLowPass
 *fill*         0x08002bec        0x4 
 .text.FILTER_InitHighPass
                0x08002bf0       0xb4 ./Core/Src/IMU_FUSION.o
                0x08002bf0                FILTER_InitHighPass
 .text.FUSION_Init
                0x08002ca4      0x134 ./Core/Src/IMU_FUSION.o
                0x08002ca4                FUSION_Init
 .text.FUSION_ComplementaryFilter
                0x08002dd8      0x124 ./Core/Src/IMU_FUSION.o
                0x08002dd8                FUSION_ComplementaryFilter
 .text.QUAT_ToEuler
                0x08002efc       0xd8 ./Core/Src/IMU_FUSION.o
                0x08002efc                QUAT_ToEuler
 .text.QUAT_InvSqrt
                0x08002fd4       0x2c ./Core/Src/IMU_FUSION.o
                0x08002fd4                QUAT_InvSqrt
 .text.QUAT_Normalize
                0x08003000       0x48 ./Core/Src/IMU_FUSION.o
                0x08003000                QUAT_Normalize
 .text.MADGWICK_Update
                0x08003048      0x356 ./Core/Src/IMU_FUSION.o
                0x08003048                MADGWICK_Update
 .text.FUSION_ApplyFilters
                0x0800339e      0x102 ./Core/Src/IMU_FUSION.o
                0x0800339e                FUSION_ApplyFilters
 .text.FUSION_Update_GyroOnly
                0x080034a0      0x168 ./Core/Src/IMU_FUSION.o
                0x080034a0                FUSION_Update_GyroOnly
 .text.FUSION_Update_Adaptive
                0x08003608       0xf4 ./Core/Src/IMU_FUSION.o
                0x08003608                FUSION_Update_Adaptive
 *fill*         0x080036fc        0x4 
 .text.FUSION_Recover_From_Boost
                0x08003700      0x1bc ./Core/Src/IMU_FUSION.o
                0x08003700                FUSION_Recover_From_Boost
 .text.FUSION_IsAttitudeReliable
                0x080038bc       0x7c ./Core/Src/IMU_FUSION.o
                0x080038bc                FUSION_IsAttitudeReliable
 .text.IMU_CalculateAttitude_Adaptive
                0x08003938       0x80 ./Core/Src/IMU_FUSION.o
                0x08003938                IMU_CalculateAttitude_Adaptive
 .text.LORA_InternalStartReceptionCallback
                0x080039b8        0x2 ./Core/Src/LORA.o
                0x080039b8                LORA_InternalStartReceptionCallback
 *fill*         0x080039ba        0x2 
 .text.LORA_InternalPacketHandlerCallback
                0x080039bc       0x14 ./Core/Src/LORA.o
                0x080039bc                LORA_InternalPacketHandlerCallback
 .text.LORA_InternalTransmitCallback
                0x080039d0        0x4 ./Core/Src/LORA.o
                0x080039d0                LORA_InternalTransmitCallback
 .text.LORA_Init
                0x080039d4       0x1e ./Core/Src/LORA.o
                0x080039d4                LORA_Init
 .text.LORA_SetAddress
                0x080039f2        0x6 ./Core/Src/LORA.o
                0x080039f2                LORA_SetAddress
 .text.LORA_SetChannel
                0x080039f8        0x4 ./Core/Src/LORA.o
                0x080039f8                LORA_SetChannel
 .text.LORA_SetTransceiverMode
                0x080039fc       0x24 ./Core/Src/LORA.o
                0x080039fc                LORA_SetTransceiverMode
 .text.LORA_InternalSetTransceiverModeCallback
                0x08003a20       0x10 ./Core/Src/LORA.o
                0x08003a20                LORA_InternalSetTransceiverModeCallback
 .text.LORA_SetConfigMode
                0x08003a30       0x24 ./Core/Src/LORA.o
                0x08003a30                LORA_SetConfigMode
 .text.LORA_InternalSetConfigModeCallback
                0x08003a54       0x10 ./Core/Src/LORA.o
                0x08003a54                LORA_InternalSetConfigModeCallback
 .text.LORA_SendDataTo
                0x08003a64       0x80 ./Core/Src/LORA.o
                0x08003a64                LORA_SendDataTo
 .text.LORA_SendStructTo
                0x08003ae4       0x3c ./Core/Src/LORA.o
                0x08003ae4                LORA_SendStructTo
 .text.LORA_SendStruct
                0x08003b20       0x1a ./Core/Src/LORA.o
                0x08003b20                LORA_SendStruct
 .text.LORA_StartReception
                0x08003b3a       0x2e ./Core/Src/LORA.o
                0x08003b3a                LORA_StartReception
 .text.LORA_Begin
                0x08003b68       0x6c ./Core/Src/LORA.o
                0x08003b68                LORA_Begin
 .text.LORA_HandleIdleInterrupt
                0x08003bd4       0x96 ./Core/Src/LORA.o
                0x08003bd4                LORA_HandleIdleInterrupt
 .text.LORA_ProcessReceived
                0x08003c6a       0x20 ./Core/Src/LORA.o
                0x08003c6a                LORA_ProcessReceived
 .text.LORA_Manager
                0x08003c8a       0x14 ./Core/Src/LORA.o
                0x08003c8a                LORA_Manager
 .text.LORA_MakeReady
                0x08003c9e       0x1c ./Core/Src/LORA.o
                0x08003c9e                LORA_MakeReady
 .text.LORA_IsTxComplete
                0x08003cba       0x56 ./Core/Src/LORA.o
                0x08003cba                LORA_IsTxComplete
 .text.ROCKET_EKF_Init
                0x08003d10       0x98 ./Core/Src/ROCKET.o
                0x08003d10                ROCKET_EKF_Init
 .text.ROCKET_EKF_EnforceSymmetry
                0x08003da8       0x54 ./Core/Src/ROCKET.o
                0x08003da8                ROCKET_EKF_EnforceSymmetry
 .text.ROCKET_InitEKF_PreFlight
                0x08003dfc       0x3c ./Core/Src/ROCKET.o
                0x08003dfc                ROCKET_InitEKF_PreFlight
 .text.ROCKET_EKF_Predict
                0x08003e38      0x186 ./Core/Src/ROCKET.o
                0x08003e38                ROCKET_EKF_Predict
 *fill*         0x08003fbe        0x2 
 .text.ROCKET_EKF_UpdateGPS
                0x08003fc0      0x2a4 ./Core/Src/ROCKET.o
                0x08003fc0                ROCKET_EKF_UpdateGPS
 *fill*         0x08004264        0x4 
 .text.ROCKET_EKF_UpdateBaro
                0x08004268       0xc8 ./Core/Src/ROCKET.o
                0x08004268                ROCKET_EKF_UpdateBaro
 .text.ROCKET_GPS_ToNED
                0x08004330      0x14c ./Core/Src/ROCKET.o
                0x08004330                ROCKET_GPS_ToNED
 .text.ROCKET_UpdateState
                0x0800447c      0x3d0 ./Core/Src/ROCKET.o
                0x0800447c                ROCKET_UpdateState
 .text.ROCKET_UpdateBarometer
                0x0800484c        0xe ./Core/Src/ROCKET.o
                0x0800484c                ROCKET_UpdateBarometer
 .text.ROCKET_UpdateIMU
                0x0800485a       0x14 ./Core/Src/ROCKET.o
                0x0800485a                ROCKET_UpdateIMU
 *fill*         0x0800486e        0x2 
 .text.ROCKET_BuildPayload
                0x08004870      0x250 ./Core/Src/ROCKET.o
                0x08004870                ROCKET_BuildPayload
 .text.ROCKET_SendTelemetry
                0x08004ac0       0xd4 ./Core/Src/ROCKET.o
                0x08004ac0                ROCKET_SendTelemetry
 .text.ROCKET_Logger_Init
                0x08004b94       0x20 ./Core/Src/ROCKET.o
                0x08004b94                ROCKET_Logger_Init
 .text.ROCKET_Init
                0x08004bb4       0x78 ./Core/Src/ROCKET.o
                0x08004bb4                ROCKET_Init
 .text.ROCKET_Logger_CreateFile
                0x08004c2c       0x8c ./Core/Src/ROCKET.o
                0x08004c2c                ROCKET_Logger_CreateFile
 .text.ROCKET_Logger_AddSample
                0x08004cb8      0x320 ./Core/Src/ROCKET.o
                0x08004cb8                ROCKET_Logger_AddSample
 .text.ROCKET_Logger_DataToCSV
                0x08004fd8      0x25c ./Core/Src/ROCKET.o
                0x08004fd8                ROCKET_Logger_DataToCSV
 .text.ROCKET_Logger_Flush
                0x08005234      0x11c ./Core/Src/ROCKET.o
                0x08005234                ROCKET_Logger_Flush
 .text.ROCKET_Logger_ForceFlush
                0x08005350       0x18 ./Core/Src/ROCKET.o
                0x08005350                ROCKET_Logger_ForceFlush
 .text.ROCKET_Logger_PrintStats
                0x08005368       0xb0 ./Core/Src/ROCKET.o
                0x08005368                ROCKET_Logger_PrintStats
 .text.ROCKET_CalibrateIMU
                0x08005418       0x10 ./Core/Src/ROCKET.o
                0x08005418                ROCKET_CalibrateIMU
 .text.ROCKET_BeginPeripherals
                0x08005428      0x27c ./Core/Src/ROCKET.o
                0x08005428                ROCKET_BeginPeripherals
 .text.ROCKET_AdjustTimingsForPhase
                0x080056a4       0x88 ./Core/Src/ROCKET.o
                0x080056a4                ROCKET_AdjustTimingsForPhase
 *fill*         0x0800572c        0x4 
 .text.ROCKET_PrintState
                0x08005730      0x150 ./Core/Src/ROCKET.o
                0x08005730                ROCKET_PrintState
 .text.ROCKET_SetTransmissionInterval
                0x08005880        0xc ./Core/Src/ROCKET.o
                0x08005880                ROCKET_SetTransmissionInterval
 .text.GNSS_SetFlightMode
                0x0800588c       0x24 ./Core/Src/ROCKET.o
                0x0800588c                GNSS_SetFlightMode
 .text.BAR_SetModeForPhase
                0x080058b0       0x3a ./Core/Src/ROCKET.o
                0x080058b0                BAR_SetModeForPhase
 *fill*         0x080058ea        0x2 
 .text.ROCKET_Manager
                0x080058ec      0x160 ./Core/Src/ROCKET.o
                0x080058ec                ROCKET_Manager
 .text.ROCKET_FSM_Init
                0x08005a4c       0x68 ./Core/Src/ROCKET_FSM.o
                0x08005a4c                ROCKET_FSM_Init
 .text.ROCKET_FSM_ConfigureForProfile
                0x08005ab4       0x7c ./Core/Src/ROCKET_FSM.o
                0x08005ab4                ROCKET_FSM_ConfigureForProfile
 .text.ROCKET_FSM_DetectLiftoff
                0x08005b30       0x70 ./Core/Src/ROCKET_FSM.o
                0x08005b30                ROCKET_FSM_DetectLiftoff
 .text.ROCKET_FSM_DetectBurnout
                0x08005ba0       0xc4 ./Core/Src/ROCKET_FSM.o
                0x08005ba0                ROCKET_FSM_DetectBurnout
 .text.ROCKET_FSM_DetectApogee
                0x08005c64      0x1a0 ./Core/Src/ROCKET_FSM.o
                0x08005c64                ROCKET_FSM_DetectApogee
 .text.ROCKET_FSM_DetectLanding
                0x08005e04       0xd0 ./Core/Src/ROCKET_FSM.o
                0x08005e04                ROCKET_FSM_DetectLanding
 .text.ROCKET_FSM_GetStateName
                0x08005ed4       0x18 ./Core/Src/ROCKET_FSM.o
                0x08005ed4                ROCKET_FSM_GetStateName
 .text.FSM_TransitionTo
                0x08005eec       0x8c ./Core/Src/ROCKET_FSM.o
 .text.ROCKET_FSM_Update
                0x08005f78       0xf0 ./Core/Src/ROCKET_FSM.o
                0x08005f78                ROCKET_FSM_Update
 .text.ROCKET_FSM_SetState
                0x08006068       0x24 ./Core/Src/ROCKET_FSM.o
                0x08006068                ROCKET_FSM_SetState
 .text.ROCKET_FSM_IsFlying
                0x0800608c        0xe ./Core/Src/ROCKET_FSM.o
                0x0800608c                ROCKET_FSM_IsFlying
 *fill*         0x0800609a        0x2 
 .text.ROCKET_FSM_GetStateTime
                0x0800609c       0x24 ./Core/Src/ROCKET_FSM.o
                0x0800609c                ROCKET_FSM_GetStateTime
 .text.ROCKET_FSM_SaveFlightSummary
                0x080060c0       0xa8 ./Core/Src/ROCKET_FSM.o
                0x080060c0                ROCKET_FSM_SaveFlightSummary
 .text.SD_GetCardInfo.part.0
                0x08006168       0x54 ./Core/Src/SD.o
 .text.SD_Init  0x080061bc       0x1a ./Core/Src/SD.o
                0x080061bc                SD_Init
 *fill*         0x080061d6        0x2 
 .text.SD_Mount
                0x080061d8       0x34 ./Core/Src/SD.o
                0x080061d8                SD_Mount
 .text.SD_CloseFile
                0x0800620c       0x24 ./Core/Src/SD.o
                0x0800620c                SD_CloseFile
 .text.SD_OpenFile
                0x08006230       0x5e ./Core/Src/SD.o
                0x08006230                SD_OpenFile
 .text.SD_WriteLine
                0x0800628e       0x74 ./Core/Src/SD.o
                0x0800628e                SD_WriteLine
 .text.SD_WriteFormatted
                0x08006302       0x3e ./Core/Src/SD.o
                0x08006302                SD_WriteFormatted
 .text.SD_Sync  0x08006340       0x16 ./Core/Src/SD.o
                0x08006340                SD_Sync
 .text.circ_buffer_enqueue
                0x08006356       0x46 ./Core/Src/circ_buffer.o
                0x08006356                circ_buffer_enqueue
 .text.circ_buffer_dequeue
                0x0800639c       0x2e ./Core/Src/circ_buffer.o
                0x0800639c                circ_buffer_dequeue
 .text.circ_buffer_clear
                0x080063ca        0xc ./Core/Src/circ_buffer.o
                0x080063ca                circ_buffer_clear
 .text.circ_buffer_getNextSize
                0x080063d6       0x16 ./Core/Src/circ_buffer.o
                0x080063d6                circ_buffer_getNextSize
 .text.e22_lora_init
                0x080063ec       0x50 ./Core/Src/e22900t22d.o
                0x080063ec                e22_lora_init
 .text.e22_lora_transnit
                0x0800643c       0x48 ./Core/Src/e22900t22d.o
                0x0800643c                e22_lora_transnit
 .text.e22_lora_receive
                0x08006484       0x10 ./Core/Src/e22900t22d.o
                0x08006484                e22_lora_receive
 .text.e22_lora_manager
                0x08006494       0x70 ./Core/Src/e22900t22d.o
                0x08006494                e22_lora_manager
 .text.e22_lora_make_ready
                0x08006504       0x10 ./Core/Src/e22900t22d.o
                0x08006504                e22_lora_make_ready
 .text.SPI_TxBuffer
                0x08006514       0x1c ./Core/Src/fatfs_sd_card.o
 .text.SPI_TxByte
                0x08006530       0x28 ./Core/Src/fatfs_sd_card.o
 .text.SELECT   0x08006558       0x1a ./Core/Src/fatfs_sd_card.o
 .text.DESELECT
                0x08006572       0x1a ./Core/Src/fatfs_sd_card.o
 .text.SPI_RxByte
                0x0800658c       0x34 ./Core/Src/fatfs_sd_card.o
 .text.SD_PowerOn
                0x080065c0       0x54 ./Core/Src/fatfs_sd_card.o
 .text.SD_ReadyWait
                0x08006614       0x20 ./Core/Src/fatfs_sd_card.o
 .text.SD_TxDataBlock
                0x08006634       0x5e ./Core/Src/fatfs_sd_card.o
 .text.SD_SendCmd
                0x08006692       0x64 ./Core/Src/fatfs_sd_card.o
 *fill*         0x080066f6        0x2 
 .text.SD_RxDataBlock
                0x080066f8       0x44 ./Core/Src/fatfs_sd_card.o
 .text.SD_disk_initialize
                0x0800673c      0x158 ./Core/Src/fatfs_sd_card.o
                0x0800673c                SD_disk_initialize
 .text.SD_disk_status
                0x08006894       0x14 ./Core/Src/fatfs_sd_card.o
                0x08006894                SD_disk_status
 .text.SD_disk_read
                0x080068a8       0x8c ./Core/Src/fatfs_sd_card.o
                0x080068a8                SD_disk_read
 .text.SD_disk_write
                0x08006934       0xb0 ./Core/Src/fatfs_sd_card.o
                0x08006934                SD_disk_write
 .text.SD_disk_ioctl
                0x080069e4      0x13c ./Core/Src/fatfs_sd_card.o
                0x080069e4                SD_disk_ioctl
 .text.__io_putchar
                0x08006b20       0x20 ./Core/Src/main.o
                0x08006b20                __io_putchar
 .text._write   0x08006b40       0x1c ./Core/Src/main.o
                0x08006b40                _write
 .text.ROCKET_EmergencyMode
                0x08006b5c       0x34 ./Core/Src/main.o
                0x08006b5c                ROCKET_EmergencyMode
 .text.ROCKET_PreFlightSequence
                0x08006b90      0x264 ./Core/Src/main.o
                0x08006b90                ROCKET_PreFlightSequence
 .text.SystemClock_Config
                0x08006df4       0x68 ./Core/Src/main.o
                0x08006df4                SystemClock_Config
 .text.startup.main
                0x08006e5c      0x588 ./Core/Src/main.o
                0x08006e5c                main
 .text.HAL_UART_TxCpltCallback
                0x080073e4       0x28 ./Core/Src/main.o
                0x080073e4                HAL_UART_TxCpltCallback
 .text.Error_Handler
                0x0800740c        0x4 ./Core/Src/main.o
                0x0800740c                Error_Handler
 .text.HAL_MspInit
                0x08007410       0x34 ./Core/Src/stm32g4xx_hal_msp.o
                0x08007410                HAL_MspInit
 .text.HAL_I2C_MspInit
                0x08007444       0x84 ./Core/Src/stm32g4xx_hal_msp.o
                0x08007444                HAL_I2C_MspInit
 .text.HAL_SPI_MspInit
                0x080074c8       0xa4 ./Core/Src/stm32g4xx_hal_msp.o
                0x080074c8                HAL_SPI_MspInit
 .text.HAL_UART_MspInit
                0x0800756c      0x20c ./Core/Src/stm32g4xx_hal_msp.o
                0x0800756c                HAL_UART_MspInit
 .text.NMI_Handler
                0x08007778        0x2 ./Core/Src/stm32g4xx_it.o
                0x08007778                NMI_Handler
 .text.HardFault_Handler
                0x0800777a        0x2 ./Core/Src/stm32g4xx_it.o
                0x0800777a                HardFault_Handler
 .text.MemManage_Handler
                0x0800777c        0x2 ./Core/Src/stm32g4xx_it.o
                0x0800777c                MemManage_Handler
 .text.BusFault_Handler
                0x0800777e        0x2 ./Core/Src/stm32g4xx_it.o
                0x0800777e                BusFault_Handler
 .text.UsageFault_Handler
                0x08007780        0x2 ./Core/Src/stm32g4xx_it.o
                0x08007780                UsageFault_Handler
 .text.SVC_Handler
                0x08007782        0x2 ./Core/Src/stm32g4xx_it.o
                0x08007782                SVC_Handler
 .text.DebugMon_Handler
                0x08007784        0x2 ./Core/Src/stm32g4xx_it.o
                0x08007784                DebugMon_Handler
 .text.PendSV_Handler
                0x08007786        0x2 ./Core/Src/stm32g4xx_it.o
                0x08007786                PendSV_Handler
 .text.SysTick_Handler
                0x08007788       0x20 ./Core/Src/stm32g4xx_it.o
                0x08007788                SysTick_Handler
 .text.DMA1_Channel1_IRQHandler
                0x080077a8        0xc ./Core/Src/stm32g4xx_it.o
                0x080077a8                DMA1_Channel1_IRQHandler
 .text.DMA1_Channel5_IRQHandler
                0x080077b4        0xc ./Core/Src/stm32g4xx_it.o
                0x080077b4                DMA1_Channel5_IRQHandler
 .text.DMA1_Channel6_IRQHandler
                0x080077c0        0xc ./Core/Src/stm32g4xx_it.o
                0x080077c0                DMA1_Channel6_IRQHandler
 .text.USART2_IRQHandler
                0x080077cc       0x2c ./Core/Src/stm32g4xx_it.o
                0x080077cc                USART2_IRQHandler
 .text.USART3_IRQHandler
                0x080077f8       0x50 ./Core/Src/stm32g4xx_it.o
                0x080077f8                USART3_IRQHandler
 .text._getpid  0x08007848        0x4 ./Core/Src/syscalls.o
                0x08007848                _getpid
 .text._kill    0x0800784c       0x10 ./Core/Src/syscalls.o
                0x0800784c                _kill
 .text._exit    0x0800785c        0xc ./Core/Src/syscalls.o
                0x0800785c                _exit
 .text._read    0x08007868       0x1c ./Core/Src/syscalls.o
                0x08007868                _read
 .text._close   0x08007884        0x6 ./Core/Src/syscalls.o
                0x08007884                _close
 .text._fstat   0x0800788a        0xa ./Core/Src/syscalls.o
                0x0800788a                _fstat
 .text._isatty  0x08007894        0x4 ./Core/Src/syscalls.o
                0x08007894                _isatty
 .text._lseek   0x08007898        0x4 ./Core/Src/syscalls.o
                0x08007898                _lseek
 .text._sbrk    0x0800789c       0x40 ./Core/Src/sysmem.o
                0x0800789c                _sbrk
 .text.SystemInit
                0x080078dc       0x14 ./Core/Src/system_stm32g4xx.o
                0x080078dc                SystemInit
 .text.Reset_Handler
                0x080078f0       0x50 ./Core/Startup/startup_stm32g431cbtx.o
                0x080078f0                Reset_Handler
 .text.Default_Handler
                0x08007940        0x2 ./Core/Startup/startup_stm32g431cbtx.o
                0x08007940                RTC_Alarm_IRQHandler
                0x08007940                EXTI2_IRQHandler
                0x08007940                TIM8_TRG_COM_IRQHandler
                0x08007940                TIM8_CC_IRQHandler
                0x08007940                TIM1_CC_IRQHandler
                0x08007940                USB_HP_IRQHandler
                0x08007940                CORDIC_IRQHandler
                0x08007940                EXTI3_IRQHandler
                0x08007940                I2C3_ER_IRQHandler
                0x08007940                EXTI0_IRQHandler
                0x08007940                I2C2_EV_IRQHandler
                0x08007940                FPU_IRQHandler
                0x08007940                FDCAN1_IT1_IRQHandler
                0x08007940                TIM1_UP_TIM16_IRQHandler
                0x08007940                ADC1_2_IRQHandler
                0x08007940                SPI1_IRQHandler
                0x08007940                TIM6_DAC_IRQHandler
                0x08007940                TIM8_UP_IRQHandler
                0x08007940                DMA2_Channel2_IRQHandler
                0x08007940                DMA1_Channel4_IRQHandler
                0x08007940                TIM4_IRQHandler
                0x08007940                DMA2_Channel1_IRQHandler
                0x08007940                I2C1_EV_IRQHandler
                0x08007940                UART4_IRQHandler
                0x08007940                DMA2_Channel4_IRQHandler
                0x08007940                TIM3_IRQHandler
                0x08007940                RCC_IRQHandler
                0x08007940                Default_Handler
                0x08007940                RTC_TAMP_LSECSS_IRQHandler
                0x08007940                FMAC_IRQHandler
                0x08007940                EXTI15_10_IRQHandler
                0x08007940                TIM7_IRQHandler
                0x08007940                UCPD1_IRQHandler
                0x08007940                I2C3_EV_IRQHandler
                0x08007940                EXTI9_5_IRQHandler
                0x08007940                RTC_WKUP_IRQHandler
                0x08007940                PVD_PVM_IRQHandler
                0x08007940                SPI2_IRQHandler
                0x08007940                DMA2_Channel5_IRQHandler
                0x08007940                CRS_IRQHandler
                0x08007940                USB_LP_IRQHandler
                0x08007940                EXTI4_IRQHandler
                0x08007940                RNG_IRQHandler
                0x08007940                TIM1_TRG_COM_TIM17_IRQHandler
                0x08007940                DMA1_Channel3_IRQHandler
                0x08007940                WWDG_IRQHandler
                0x08007940                LPUART1_IRQHandler
                0x08007940                DMA2_Channel6_IRQHandler
                0x08007940                FDCAN1_IT0_IRQHandler
                0x08007940                TIM2_IRQHandler
                0x08007940                COMP1_2_3_IRQHandler
                0x08007940                EXTI1_IRQHandler
                0x08007940                I2C2_ER_IRQHandler
                0x08007940                DMA1_Channel2_IRQHandler
                0x08007940                TIM8_BRK_IRQHandler
                0x08007940                FLASH_IRQHandler
                0x08007940                USART1_IRQHandler
                0x08007940                SPI3_IRQHandler
                0x08007940                I2C1_ER_IRQHandler
                0x08007940                LPTIM1_IRQHandler
                0x08007940                DMAMUX_OVR_IRQHandler
                0x08007940                USBWakeUp_IRQHandler
                0x08007940                SAI1_IRQHandler
                0x08007940                DMA2_Channel3_IRQHandler
                0x08007940                COMP4_IRQHandler
                0x08007940                TIM1_BRK_TIM15_IRQHandler
 *fill*         0x08007942        0x2 
 .text.HAL_InitTick
                0x08007944       0x4c ./Drivers/STM32G4xx_HAL_Driver/Src/stm32g4xx_hal.o
                0x08007944                HAL_InitTick
 .text.HAL_Init
                0x08007990       0x1e ./Drivers/STM32G4xx_HAL_Driver/Src/stm32g4xx_hal.o
                0x08007990                HAL_Init
 *fill*         0x080079ae        0x2 
 .text.HAL_IncTick
                0x080079b0       0x18 ./Drivers/STM32G4xx_HAL_Driver/Src/stm32g4xx_hal.o
                0x080079b0                HAL_IncTick
 .text.HAL_GetTick
                0x080079c8        0xc ./Drivers/STM32G4xx_HAL_Driver/Src/stm32g4xx_hal.o
                0x080079c8                HAL_GetTick
 .text.HAL_Delay
                0x080079d4       0x28 ./Drivers/STM32G4xx_HAL_Driver/Src/stm32g4xx_hal.o
                0x080079d4                HAL_Delay
 .text.HAL_NVIC_SetPriorityGrouping
                0x080079fc       0x24 ./Drivers/STM32G4xx_HAL_Driver/Src/stm32g4xx_hal_cortex.o
                0x080079fc                HAL_NVIC_SetPriorityGrouping
 .text.HAL_NVIC_SetPriority
                0x08007a20       0x64 ./Drivers/STM32G4xx_HAL_Driver/Src/stm32g4xx_hal_cortex.o
                0x08007a20                HAL_NVIC_SetPriority
 .text.HAL_NVIC_EnableIRQ
                0x08007a84       0x1c ./Drivers/STM32G4xx_HAL_Driver/Src/stm32g4xx_hal_cortex.o
                0x08007a84                HAL_NVIC_EnableIRQ
 .text.HAL_SYSTICK_Config
                0x08007aa0       0x28 ./Drivers/STM32G4xx_HAL_Driver/Src/stm32g4xx_hal_cortex.o
                0x08007aa0                HAL_SYSTICK_Config
 .text.DMA_SetConfig
                0x08007ac8       0x34 ./Drivers/STM32G4xx_HAL_Driver/Src/stm32g4xx_hal_dma.o
 .text.DMA_CalcDMAMUXChannelBaseAndMask
                0x08007afc       0x48 ./Drivers/STM32G4xx_HAL_Driver/Src/stm32g4xx_hal_dma.o
 .text.HAL_DMA_Init
                0x08007b44       0xe0 ./Drivers/STM32G4xx_HAL_Driver/Src/stm32g4xx_hal_dma.o
                0x08007b44                HAL_DMA_Init
 .text.HAL_DMA_Start_IT
                0x08007c24       0x80 ./Drivers/STM32G4xx_HAL_Driver/Src/stm32g4xx_hal_dma.o
                0x08007c24                HAL_DMA_Start_IT
 .text.HAL_DMA_Abort
                0x08007ca4       0x64 ./Drivers/STM32G4xx_HAL_Driver/Src/stm32g4xx_hal_dma.o
                0x08007ca4                HAL_DMA_Abort
 .text.HAL_DMA_Abort_IT
                0x08007d08       0x76 ./Drivers/STM32G4xx_HAL_Driver/Src/stm32g4xx_hal_dma.o
                0x08007d08                HAL_DMA_Abort_IT
 .text.HAL_DMA_IRQHandler
                0x08007d7e       0x94 ./Drivers/STM32G4xx_HAL_Driver/Src/stm32g4xx_hal_dma.o
                0x08007d7e                HAL_DMA_IRQHandler
 .text.HAL_DMA_GetError
                0x08007e12        0x4 ./Drivers/STM32G4xx_HAL_Driver/Src/stm32g4xx_hal_dma.o
                0x08007e12                HAL_DMA_GetError
 *fill*         0x08007e16        0x2 
 .text.HAL_GPIO_Init
                0x08007e18      0x194 ./Drivers/STM32G4xx_HAL_Driver/Src/stm32g4xx_hal_gpio.o
                0x08007e18                HAL_GPIO_Init
 .text.HAL_GPIO_WritePin
                0x08007fac        0xa ./Drivers/STM32G4xx_HAL_Driver/Src/stm32g4xx_hal_gpio.o
                0x08007fac                HAL_GPIO_WritePin
 .text.HAL_GPIO_TogglePin
                0x08007fb6       0x12 ./Drivers/STM32G4xx_HAL_Driver/Src/stm32g4xx_hal_gpio.o
                0x08007fb6                HAL_GPIO_TogglePin
 .text.I2C_Flush_TXDR
                0x08007fc8       0x1c ./Drivers/STM32G4xx_HAL_Driver/Src/stm32g4xx_hal_i2c.o
 .text.I2C_TransferConfig
                0x08007fe4       0x2c ./Drivers/STM32G4xx_HAL_Driver/Src/stm32g4xx_hal_i2c.o
 .text.I2C_IsErrorOccurred
                0x08008010      0x100 ./Drivers/STM32G4xx_HAL_Driver/Src/stm32g4xx_hal_i2c.o
 .text.I2C_WaitOnTXISFlagUntilTimeout
                0x08008110       0x56 ./Drivers/STM32G4xx_HAL_Driver/Src/stm32g4xx_hal_i2c.o
 .text.I2C_WaitOnFlagUntilTimeout
                0x08008166       0x76 ./Drivers/STM32G4xx_HAL_Driver/Src/stm32g4xx_hal_i2c.o
 .text.I2C_WaitOnSTOPFlagUntilTimeout
                0x080081dc       0x52 ./Drivers/STM32G4xx_HAL_Driver/Src/stm32g4xx_hal_i2c.o
 *fill*         0x0800822e        0x2 
 .text.I2C_WaitOnRXNEFlagUntilTimeout
                0x08008230       0xa4 ./Drivers/STM32G4xx_HAL_Driver/Src/stm32g4xx_hal_i2c.o
 .text.HAL_I2C_Init
                0x080082d4       0xaa ./Drivers/STM32G4xx_HAL_Driver/Src/stm32g4xx_hal_i2c.o
                0x080082d4                HAL_I2C_Init
 *fill*         0x0800837e        0x2 
 .text.HAL_I2C_Master_Transmit
                0x08008380      0x158 ./Drivers/STM32G4xx_HAL_Driver/Src/stm32g4xx_hal_i2c.o
                0x08008380                HAL_I2C_Master_Transmit
 .text.HAL_I2C_Master_Receive
                0x080084d8      0x130 ./Drivers/STM32G4xx_HAL_Driver/Src/stm32g4xx_hal_i2c.o
                0x080084d8                HAL_I2C_Master_Receive
 .text.HAL_I2CEx_ConfigAnalogFilter
                0x08008608       0x4c ./Drivers/STM32G4xx_HAL_Driver/Src/stm32g4xx_hal_i2c_ex.o
                0x08008608                HAL_I2CEx_ConfigAnalogFilter
 .text.HAL_I2CEx_ConfigDigitalFilter
                0x08008654       0x4a ./Drivers/STM32G4xx_HAL_Driver/Src/stm32g4xx_hal_i2c_ex.o
                0x08008654                HAL_I2CEx_ConfigDigitalFilter
 *fill*         0x0800869e        0x2 
 .text.HAL_PWREx_ControlVoltageScaling
                0x080086a0       0xb0 ./Drivers/STM32G4xx_HAL_Driver/Src/stm32g4xx_hal_pwr_ex.o
                0x080086a0                HAL_PWREx_ControlVoltageScaling
 .text.HAL_PWREx_DisableUCPDDeadBattery
                0x08008750       0x10 ./Drivers/STM32G4xx_HAL_Driver/Src/stm32g4xx_hal_pwr_ex.o
                0x08008750                HAL_PWREx_DisableUCPDDeadBattery
 .text.HAL_RCC_OscConfig
                0x08008760      0x418 ./Drivers/STM32G4xx_HAL_Driver/Src/stm32g4xx_hal_rcc.o
                0x08008760                HAL_RCC_OscConfig
 .text.HAL_RCC_GetSysClockFreq
                0x08008b78       0x6c ./Drivers/STM32G4xx_HAL_Driver/Src/stm32g4xx_hal_rcc.o
                0x08008b78                HAL_RCC_GetSysClockFreq
 .text.HAL_RCC_ClockConfig
                0x08008be4      0x1e8 ./Drivers/STM32G4xx_HAL_Driver/Src/stm32g4xx_hal_rcc.o
                0x08008be4                HAL_RCC_ClockConfig
 .text.HAL_RCC_GetPCLK1Freq
                0x08008dcc       0x24 ./Drivers/STM32G4xx_HAL_Driver/Src/stm32g4xx_hal_rcc.o
                0x08008dcc                HAL_RCC_GetPCLK1Freq
 .text.HAL_RCC_GetPCLK2Freq
                0x08008df0       0x24 ./Drivers/STM32G4xx_HAL_Driver/Src/stm32g4xx_hal_rcc.o
                0x08008df0                HAL_RCC_GetPCLK2Freq
 .text.HAL_RCCEx_PeriphCLKConfig
                0x08008e14      0x278 ./Drivers/STM32G4xx_HAL_Driver/Src/stm32g4xx_hal_rcc_ex.o
                0x08008e14                HAL_RCCEx_PeriphCLKConfig
 .text.SPI_WaitFlagStateUntilTimeout.constprop.0
                0x0800908c       0xa4 ./Drivers/STM32G4xx_HAL_Driver/Src/stm32g4xx_hal_spi.o
 .text.SPI_WaitFifoStateUntilTimeout.constprop.0
                0x08009130       0xc8 ./Drivers/STM32G4xx_HAL_Driver/Src/stm32g4xx_hal_spi.o
 .text.SPI_EndRxTransaction
                0x080091f8       0x6e ./Drivers/STM32G4xx_HAL_Driver/Src/stm32g4xx_hal_spi.o
 .text.SPI_EndRxTxTransaction
                0x08009266       0x44 ./Drivers/STM32G4xx_HAL_Driver/Src/stm32g4xx_hal_spi.o
 .text.HAL_SPI_Init
                0x080092aa       0xdc ./Drivers/STM32G4xx_HAL_Driver/Src/stm32g4xx_hal_spi.o
                0x080092aa                HAL_SPI_Init
 .text.HAL_SPI_Transmit
                0x08009386      0x18c ./Drivers/STM32G4xx_HAL_Driver/Src/stm32g4xx_hal_spi.o
                0x08009386                HAL_SPI_Transmit
 .text.HAL_SPI_TransmitReceive
                0x08009512      0x266 ./Drivers/STM32G4xx_HAL_Driver/Src/stm32g4xx_hal_spi.o
                0x08009512                HAL_SPI_TransmitReceive
 .text.HAL_SPI_Receive
                0x08009778      0x16a ./Drivers/STM32G4xx_HAL_Driver/Src/stm32g4xx_hal_spi.o
                0x08009778                HAL_SPI_Receive
 .text.UART_EndTxTransfer
                0x080098e2       0x34 ./Drivers/STM32G4xx_HAL_Driver/Src/stm32g4xx_hal_uart.o
 *fill*         0x08009916        0x2 
 .text.UART_EndRxTransfer
                0x08009918       0x58 ./Drivers/STM32G4xx_HAL_Driver/Src/stm32g4xx_hal_uart.o
 .text.HAL_UART_Transmit_DMA
                0x08009970       0x84 ./Drivers/STM32G4xx_HAL_Driver/Src/stm32g4xx_hal_uart.o
                0x08009970                HAL_UART_Transmit_DMA
 .text.HAL_UART_DMAStop
                0x080099f4       0x9c ./Drivers/STM32G4xx_HAL_Driver/Src/stm32g4xx_hal_uart.o
                0x080099f4                HAL_UART_DMAStop
 .text.UART_DMATransmitCplt
                0x08009a90       0x46 ./Drivers/STM32G4xx_HAL_Driver/Src/stm32g4xx_hal_uart.o
 .text.HAL_UART_TxHalfCpltCallback
                0x08009ad6        0x2 ./Drivers/STM32G4xx_HAL_Driver/Src/stm32g4xx_hal_uart.o
                0x08009ad6                HAL_UART_TxHalfCpltCallback
 .text.UART_DMATxHalfCplt
                0x08009ad8        0xa ./Drivers/STM32G4xx_HAL_Driver/Src/stm32g4xx_hal_uart.o
 .text.HAL_UART_RxCpltCallback
                0x08009ae2        0x2 ./Drivers/STM32G4xx_HAL_Driver/Src/stm32g4xx_hal_uart.o
                0x08009ae2                HAL_UART_RxCpltCallback
 .text.HAL_UART_RxHalfCpltCallback
                0x08009ae4        0x2 ./Drivers/STM32G4xx_HAL_Driver/Src/stm32g4xx_hal_uart.o
                0x08009ae4                HAL_UART_RxHalfCpltCallback
 .text.HAL_UART_ErrorCallback
                0x08009ae6        0x2 ./Drivers/STM32G4xx_HAL_Driver/Src/stm32g4xx_hal_uart.o
                0x08009ae6                HAL_UART_ErrorCallback
 .text.UART_DMAError
                0x08009ae8       0x48 ./Drivers/STM32G4xx_HAL_Driver/Src/stm32g4xx_hal_uart.o
 .text.UART_DMAAbortOnError
                0x08009b30       0x10 ./Drivers/STM32G4xx_HAL_Driver/Src/stm32g4xx_hal_uart.o
 .text.HAL_UARTEx_RxEventCallback
                0x08009b40        0x2 ./Drivers/STM32G4xx_HAL_Driver/Src/stm32g4xx_hal_uart.o
                0x08009b40                HAL_UARTEx_RxEventCallback
 *fill*         0x08009b42        0x2 
 .text.HAL_UART_IRQHandler
                0x08009b44      0x304 ./Drivers/STM32G4xx_HAL_Driver/Src/stm32g4xx_hal_uart.o
                0x08009b44                HAL_UART_IRQHandler
 .text.UART_DMARxHalfCplt
                0x08009e48       0x20 ./Drivers/STM32G4xx_HAL_Driver/Src/stm32g4xx_hal_uart.o
 .text.UART_DMAReceiveCplt
                0x08009e68       0x8e ./Drivers/STM32G4xx_HAL_Driver/Src/stm32g4xx_hal_uart.o
 *fill*         0x08009ef6        0x2 
 .text.UART_SetConfig
                0x08009ef8      0x250 ./Drivers/STM32G4xx_HAL_Driver/Src/stm32g4xx_hal_uart.o
                0x08009ef8                UART_SetConfig
 .text.UART_AdvFeatureConfig
                0x0800a148       0xa8 ./Drivers/STM32G4xx_HAL_Driver/Src/stm32g4xx_hal_uart.o
                0x0800a148                UART_AdvFeatureConfig
 .text.UART_WaitOnFlagUntilTimeout
                0x0800a1f0       0x90 ./Drivers/STM32G4xx_HAL_Driver/Src/stm32g4xx_hal_uart.o
                0x0800a1f0                UART_WaitOnFlagUntilTimeout
 .text.HAL_UART_Transmit
                0x0800a280       0xaa ./Drivers/STM32G4xx_HAL_Driver/Src/stm32g4xx_hal_uart.o
                0x0800a280                HAL_UART_Transmit
 .text.UART_CheckIdleState
                0x0800a32a       0xb6 ./Drivers/STM32G4xx_HAL_Driver/Src/stm32g4xx_hal_uart.o
                0x0800a32a                UART_CheckIdleState
 .text.HAL_UART_Init
                0x0800a3e0       0x60 ./Drivers/STM32G4xx_HAL_Driver/Src/stm32g4xx_hal_uart.o
                0x0800a3e0                HAL_UART_Init
 .text.UART_Start_Receive_DMA
                0x0800a440       0xa0 ./Drivers/STM32G4xx_HAL_Driver/Src/stm32g4xx_hal_uart.o
                0x0800a440                UART_Start_Receive_DMA
 .text.HAL_UART_Receive_DMA
                0x0800a4e0       0x44 ./Drivers/STM32G4xx_HAL_Driver/Src/stm32g4xx_hal_uart.o
                0x0800a4e0                HAL_UART_Receive_DMA
 .text.UARTEx_SetNbDataToProcess
                0x0800a524       0x44 ./Drivers/STM32G4xx_HAL_Driver/Src/stm32g4xx_hal_uart_ex.o
 .text.HAL_UARTEx_WakeupCallback
                0x0800a568        0x2 ./Drivers/STM32G4xx_HAL_Driver/Src/stm32g4xx_hal_uart_ex.o
                0x0800a568                HAL_UARTEx_WakeupCallback
 .text.HAL_UARTEx_RxFifoFullCallback
                0x0800a56a        0x2 ./Drivers/STM32G4xx_HAL_Driver/Src/stm32g4xx_hal_uart_ex.o
                0x0800a56a                HAL_UARTEx_RxFifoFullCallback
 .text.HAL_UARTEx_TxFifoEmptyCallback
                0x0800a56c        0x2 ./Drivers/STM32G4xx_HAL_Driver/Src/stm32g4xx_hal_uart_ex.o
                0x0800a56c                HAL_UARTEx_TxFifoEmptyCallback
 .text.HAL_UARTEx_EnableFifoMode
                0x0800a56e       0x40 ./Drivers/STM32G4xx_HAL_Driver/Src/stm32g4xx_hal_uart_ex.o
                0x0800a56e                HAL_UARTEx_EnableFifoMode
 .text.HAL_UARTEx_DisableFifoMode
                0x0800a5ae       0x36 ./Drivers/STM32G4xx_HAL_Driver/Src/stm32g4xx_hal_uart_ex.o
                0x0800a5ae                HAL_UARTEx_DisableFifoMode
 .text.HAL_UARTEx_SetTxFifoThreshold
                0x0800a5e4       0x40 ./Drivers/STM32G4xx_HAL_Driver/Src/stm32g4xx_hal_uart_ex.o
                0x0800a5e4                HAL_UARTEx_SetTxFifoThreshold
 .text.HAL_UARTEx_SetRxFifoThreshold
                0x0800a624       0x40 ./Drivers/STM32G4xx_HAL_Driver/Src/stm32g4xx_hal_uart_ex.o
                0x0800a624                HAL_UARTEx_SetRxFifoThreshold
 .text.HAL_UARTEx_ReceiveToIdle_DMA
                0x0800a664       0x4a ./Drivers/STM32G4xx_HAL_Driver/Src/stm32g4xx_hal_uart_ex.o
                0x0800a664                HAL_UARTEx_ReceiveToIdle_DMA
 *fill*         0x0800a6ae        0x2 
 .text.MX_FATFS_Init
                0x0800a6b0       0x28 ./FATFS/App/app_fatfs.o
                0x0800a6b0                MX_FATFS_Init
 .text.get_fattime
                0x0800a6d8        0x4 ./FATFS/App/app_fatfs.o
                0x0800a6d8                get_fattime
 .text.USER_initialize
                0x0800a6dc        0x4 ./FATFS/Target/user_diskio.o
                0x0800a6dc                USER_initialize
 .text.USER_status
                0x0800a6e0        0x4 ./FATFS/Target/user_diskio.o
                0x0800a6e0                USER_status
 .text.USER_read
                0x0800a6e4        0x4 ./FATFS/Target/user_diskio.o
                0x0800a6e4                USER_read
 .text.USER_write
                0x0800a6e8        0x4 ./FATFS/Target/user_diskio.o
                0x0800a6e8                USER_write
 .text.USER_ioctl
                0x0800a6ec        0x4 ./FATFS/Target/user_diskio.o
                0x0800a6ec                USER_ioctl
 .text.disk_status
                0x0800a6f0       0x14 ./Middlewares/Third_Party/FatFs/src/diskio.o
                0x0800a6f0                disk_status
 .text.disk_initialize
                0x0800a704       0x20 ./Middlewares/Third_Party/FatFs/src/diskio.o
                0x0800a704                disk_initialize
 .text.disk_read
                0x0800a724       0x1c ./Middlewares/Third_Party/FatFs/src/diskio.o
                0x0800a724                disk_read
 .text.disk_write
                0x0800a740       0x1c ./Middlewares/Third_Party/FatFs/src/diskio.o
                0x0800a740                disk_write
 .text.disk_ioctl
                0x0800a75c       0x1c ./Middlewares/Third_Party/FatFs/src/diskio.o
                0x0800a75c                disk_ioctl
 .text.ld_dword
                0x0800a778        0x4 ./Middlewares/Third_Party/FatFs/src/ff.o
 .text.st_dword
                0x0800a77c       0x10 ./Middlewares/Third_Party/FatFs/src/ff.o
 .text.mem_set  0x0800a78c        0xc ./Middlewares/Third_Party/FatFs/src/ff.o
 .text.chk_lock
                0x0800a798       0x74 ./Middlewares/Third_Party/FatFs/src/ff.o
 .text.inc_lock
                0x0800a80c       0x84 ./Middlewares/Third_Party/FatFs/src/ff.o
 .text.dec_lock
                0x0800a890       0x3c ./Middlewares/Third_Party/FatFs/src/ff.o
 .text.clear_lock
                0x0800a8cc       0x1c ./Middlewares/Third_Party/FatFs/src/ff.o
 .text.clust2sect
                0x0800a8e8       0x16 ./Middlewares/Third_Party/FatFs/src/ff.o
 .text.clmt_clust
                0x0800a8fe       0x26 ./Middlewares/Third_Party/FatFs/src/ff.o
 .text.sum_sfn  0x0800a924       0x1e ./Middlewares/Third_Party/FatFs/src/ff.o
 .text.get_ldnumber
                0x0800a942       0x30 ./Middlewares/Third_Party/FatFs/src/ff.o
 .text.validate
                0x0800a972       0x34 ./Middlewares/Third_Party/FatFs/src/ff.o
 .text.sync_window
                0x0800a9a6       0x4a ./Middlewares/Third_Party/FatFs/src/ff.o
 .text.mem_cpy.part.0
                0x0800a9f0       0x12 ./Middlewares/Third_Party/FatFs/src/ff.o
 .text.st_clust
                0x0800aa02       0x18 ./Middlewares/Third_Party/FatFs/src/ff.o
 .text.move_window
                0x0800aa1a       0x32 ./Middlewares/Third_Party/FatFs/src/ff.o
 .text.check_fs
                0x0800aa4c       0x78 ./Middlewares/Third_Party/FatFs/src/ff.o
 .text.find_volume
                0x0800aac4      0x290 ./Middlewares/Third_Party/FatFs/src/ff.o
 .text.put_fat  0x0800ad54      0x120 ./Middlewares/Third_Party/FatFs/src/ff.o
 .text.sync_fs  0x0800ae74       0x94 ./Middlewares/Third_Party/FatFs/src/ff.o
 .text.ld_clust.isra.0
                0x0800af08       0x10 ./Middlewares/Third_Party/FatFs/src/ff.o
 .text.get_fat.isra.0
                0x0800af18       0xd6 ./Middlewares/Third_Party/FatFs/src/ff.o
 .text.remove_chain
                0x0800afee       0x6e ./Middlewares/Third_Party/FatFs/src/ff.o
 .text.create_chain
                0x0800b05c       0xb0 ./Middlewares/Third_Party/FatFs/src/ff.o
 .text.dir_next
                0x0800b10c       0xf8 ./Middlewares/Third_Party/FatFs/src/ff.o
 .text.dir_sdi  0x0800b204       0x86 ./Middlewares/Third_Party/FatFs/src/ff.o
 *fill*         0x0800b28a        0x2 
 .text.dir_find
                0x0800b28c      0x15c ./Middlewares/Third_Party/FatFs/src/ff.o
 .text.dir_register
                0x0800b3e8      0x28c ./Middlewares/Third_Party/FatFs/src/ff.o
 .text.follow_path
                0x0800b674      0x270 ./Middlewares/Third_Party/FatFs/src/ff.o
 .text.f_mount  0x0800b8e4       0x54 ./Middlewares/Third_Party/FatFs/src/ff.o
                0x0800b8e4                f_mount
 .text.f_open   0x0800b938      0x200 ./Middlewares/Third_Party/FatFs/src/ff.o
                0x0800b938                f_open
 .text.f_write  0x0800bb38      0x19e ./Middlewares/Third_Party/FatFs/src/ff.o
                0x0800bb38                f_write
 .text.putc_bfd
                0x0800bcd6       0x44 ./Middlewares/Third_Party/FatFs/src/ff.o
 .text.putc_flush
                0x0800bd1a       0x2e ./Middlewares/Third_Party/FatFs/src/ff.o
 .text.f_sync   0x0800bd48       0x96 ./Middlewares/Third_Party/FatFs/src/ff.o
                0x0800bd48                f_sync
 .text.f_close  0x0800bdde       0x22 ./Middlewares/Third_Party/FatFs/src/ff.o
                0x0800bdde                f_close
 .text.f_getfree
                0x0800be00       0xc2 ./Middlewares/Third_Party/FatFs/src/ff.o
                0x0800be00                f_getfree
 .text.f_putc   0x0800bec2       0x20 ./Middlewares/Third_Party/FatFs/src/ff.o
                0x0800bec2                f_putc
 *fill*         0x0800bee2        0x2 
 .text.FATFS_LinkDriverEx
                0x0800bee4       0x40 ./Middlewares/Third_Party/FatFs/src/ff_gen_drv.o
                0x0800bee4                FATFS_LinkDriverEx
 .text.FATFS_LinkDriver
                0x0800bf24        0x6 ./Middlewares/Third_Party/FatFs/src/ff_gen_drv.o
                0x0800bf24                FATFS_LinkDriver
 *fill*         0x0800bf2a        0x2 
 .text.ff_convert
                0x0800bf2c       0x38 ./Middlewares/Third_Party/FatFs/src/option/ccsbcs.o
                0x0800bf2c                ff_convert
 .text.ff_wtoupper
                0x0800bf64       0x84 ./Middlewares/Third_Party/FatFs/src/option/ccsbcs.o
                0x0800bf64                ff_wtoupper
 .text.atof     0x0800bfe8        0x6 /opt/st/stm32cubeide_1.17.0/plugins/com.st.stm32cube.ide.mcu.externaltools.gnu-tools-for-stm32.12.3.rel1.linux64_1.1.0.202410170702/tools/bin/../lib/gcc/arm-none-eabi/12.3.1/../../../../arm-none-eabi/lib/thumb/v7e-m+fp/hard/libc_nano.a(libc_a-atof.o)
                0x0800bfe8                atof
 .text.atoi     0x0800bfee        0x8 /opt/st/stm32cubeide_1.17.0/plugins/com.st.stm32cube.ide.mcu.externaltools.gnu-tools-for-stm32.12.3.rel1.linux64_1.1.0.202410170702/tools/bin/../lib/gcc/arm-none-eabi/12.3.1/../../../../arm-none-eabi/lib/thumb/v7e-m+fp/hard/libc_nano.a(libc_a-atoi.o)
                0x0800bfee                atoi
 .text.sulp     0x0800bff6       0x3c /opt/st/stm32cubeide_1.17.0/plugins/com.st.stm32cube.ide.mcu.externaltools.gnu-tools-for-stm32.12.3.rel1.linux64_1.1.0.202410170702/tools/bin/../lib/gcc/arm-none-eabi/12.3.1/../../../../arm-none-eabi/lib/thumb/v7e-m+fp/hard/libc_nano.a(libc_a-strtod.o)
 *fill*         0x0800c032        0x6 
 .text._strtod_l
                0x0800c038      0xbc8 /opt/st/stm32cubeide_1.17.0/plugins/com.st.stm32cube.ide.mcu.externaltools.gnu-tools-for-stm32.12.3.rel1.linux64_1.1.0.202410170702/tools/bin/../lib/gcc/arm-none-eabi/12.3.1/../../../../arm-none-eabi/lib/thumb/v7e-m+fp/hard/libc_nano.a(libc_a-strtod.o)
                0x0800c038                _strtod_l
 .text.strtod   0x0800cc00       0x18 /opt/st/stm32cubeide_1.17.0/plugins/com.st.stm32cube.ide.mcu.externaltools.gnu-tools-for-stm32.12.3.rel1.linux64_1.1.0.202410170702/tools/bin/../lib/gcc/arm-none-eabi/12.3.1/../../../../arm-none-eabi/lib/thumb/v7e-m+fp/hard/libc_nano.a(libc_a-strtod.o)
                0x0800cc00                strtod
 .text._strtol_l.constprop.0
                0x0800cc18       0xf4 /opt/st/stm32cubeide_1.17.0/plugins/com.st.stm32cube.ide.mcu.externaltools.gnu-tools-for-stm32.12.3.rel1.linux64_1.1.0.202410170702/tools/bin/../lib/gcc/arm-none-eabi/12.3.1/../../../../arm-none-eabi/lib/thumb/v7e-m+fp/hard/libc_nano.a(libc_a-strtol.o)
 .text.strtol   0x0800cd0c       0x14 /opt/st/stm32cubeide_1.17.0/plugins/com.st.stm32cube.ide.mcu.externaltools.gnu-tools-for-stm32.12.3.rel1.linux64_1.1.0.202410170702/tools/bin/../lib/gcc/arm-none-eabi/12.3.1/../../../../arm-none-eabi/lib/thumb/v7e-m+fp/hard/libc_nano.a(libc_a-strtol.o)
                0x0800cd0c                strtol
 .text.__cvt    0x0800cd20       0xca /opt/st/stm32cubeide_1.17.0/plugins/com.st.stm32cube.ide.mcu.externaltools.gnu-tools-for-stm32.12.3.rel1.linux64_1.1.0.202410170702/tools/bin/../lib/gcc/arm-none-eabi/12.3.1/../../../../arm-none-eabi/lib/thumb/v7e-m+fp/hard/libc_nano.a(libc_a-nano-vfprintf_float.o)
                0x0800cd20                __cvt
 .text.__exponent
                0x0800cdea       0x74 /opt/st/stm32cubeide_1.17.0/plugins/com.st.stm32cube.ide.mcu.externaltools.gnu-tools-for-stm32.12.3.rel1.linux64_1.1.0.202410170702/tools/bin/../lib/gcc/arm-none-eabi/12.3.1/../../../../arm-none-eabi/lib/thumb/v7e-m+fp/hard/libc_nano.a(libc_a-nano-vfprintf_float.o)
                0x0800cdea                __exponent
 *fill*         0x0800ce5e        0x2 
 .text._printf_float
                0x0800ce60      0x454 /opt/st/stm32cubeide_1.17.0/plugins/com.st.stm32cube.ide.mcu.externaltools.gnu-tools-for-stm32.12.3.rel1.linux64_1.1.0.202410170702/tools/bin/../lib/gcc/arm-none-eabi/12.3.1/../../../../arm-none-eabi/lib/thumb/v7e-m+fp/hard/libc_nano.a(libc_a-nano-vfprintf_float.o)
                0x0800ce60                _printf_float
 .text._printf_common
                0x0800d2b4       0xda /opt/st/stm32cubeide_1.17.0/plugins/com.st.stm32cube.ide.mcu.externaltools.gnu-tools-for-stm32.12.3.rel1.linux64_1.1.0.202410170702/tools/bin/../lib/gcc/arm-none-eabi/12.3.1/../../../../arm-none-eabi/lib/thumb/v7e-m+fp/hard/libc_nano.a(libc_a-nano-vfprintf_i.o)
                0x0800d2b4                _printf_common
 *fill*         0x0800d38e        0x2 
 .text._printf_i
                0x0800d390      0x240 /opt/st/stm32cubeide_1.17.0/plugins/com.st.stm32cube.ide.mcu.externaltools.gnu-tools-for-stm32.12.3.rel1.linux64_1.1.0.202410170702/tools/bin/../lib/gcc/arm-none-eabi/12.3.1/../../../../arm-none-eabi/lib/thumb/v7e-m+fp/hard/libc_nano.a(libc_a-nano-vfprintf_i.o)
                0x0800d390                _printf_i
 .text.std      0x0800d5d0       0x6c /opt/st/stm32cubeide_1.17.0/plugins/com.st.stm32cube.ide.mcu.externaltools.gnu-tools-for-stm32.12.3.rel1.linux64_1.1.0.202410170702/tools/bin/../lib/gcc/arm-none-eabi/12.3.1/../../../../arm-none-eabi/lib/thumb/v7e-m+fp/hard/libc_nano.a(libc_a-findfp.o)
 .text.stdio_exit_handler
                0x0800d63c       0x18 /opt/st/stm32cubeide_1.17.0/plugins/com.st.stm32cube.ide.mcu.externaltools.gnu-tools-for-stm32.12.3.rel1.linux64_1.1.0.202410170702/tools/bin/../lib/gcc/arm-none-eabi/12.3.1/../../../../arm-none-eabi/lib/thumb/v7e-m+fp/hard/libc_nano.a(libc_a-findfp.o)
 .text.cleanup_stdio
                0x0800d654       0x40 /opt/st/stm32cubeide_1.17.0/plugins/com.st.stm32cube.ide.mcu.externaltools.gnu-tools-for-stm32.12.3.rel1.linux64_1.1.0.202410170702/tools/bin/../lib/gcc/arm-none-eabi/12.3.1/../../../../arm-none-eabi/lib/thumb/v7e-m+fp/hard/libc_nano.a(libc_a-findfp.o)
 .text.global_stdio_init.part.0
                0x0800d694       0x3c /opt/st/stm32cubeide_1.17.0/plugins/com.st.stm32cube.ide.mcu.externaltools.gnu-tools-for-stm32.12.3.rel1.linux64_1.1.0.202410170702/tools/bin/../lib/gcc/arm-none-eabi/12.3.1/../../../../arm-none-eabi/lib/thumb/v7e-m+fp/hard/libc_nano.a(libc_a-findfp.o)
 .text.__sfp_lock_acquire
                0x0800d6d0        0xc /opt/st/stm32cubeide_1.17.0/plugins/com.st.stm32cube.ide.mcu.externaltools.gnu-tools-for-stm32.12.3.rel1.linux64_1.1.0.202410170702/tools/bin/../lib/gcc/arm-none-eabi/12.3.1/../../../../arm-none-eabi/lib/thumb/v7e-m+fp/hard/libc_nano.a(libc_a-findfp.o)
                0x0800d6d0                __sfp_lock_acquire
 .text.__sfp_lock_release
                0x0800d6dc        0xc /opt/st/stm32cubeide_1.17.0/plugins/com.st.stm32cube.ide.mcu.externaltools.gnu-tools-for-stm32.12.3.rel1.linux64_1.1.0.202410170702/tools/bin/../lib/gcc/arm-none-eabi/12.3.1/../../../../arm-none-eabi/lib/thumb/v7e-m+fp/hard/libc_nano.a(libc_a-findfp.o)
                0x0800d6dc                __sfp_lock_release
 .text.__sinit  0x0800d6e8       0x30 /opt/st/stm32cubeide_1.17.0/plugins/com.st.stm32cube.ide.mcu.externaltools.gnu-tools-for-stm32.12.3.rel1.linux64_1.1.0.202410170702/tools/bin/../lib/gcc/arm-none-eabi/12.3.1/../../../../arm-none-eabi/lib/thumb/v7e-m+fp/hard/libc_nano.a(libc_a-findfp.o)
                0x0800d6e8                __sinit
 .text._fwalk_sglue
                0x0800d718       0x3c /opt/st/stm32cubeide_1.17.0/plugins/com.st.stm32cube.ide.mcu.externaltools.gnu-tools-for-stm32.12.3.rel1.linux64_1.1.0.202410170702/tools/bin/../lib/gcc/arm-none-eabi/12.3.1/../../../../arm-none-eabi/lib/thumb/v7e-m+fp/hard/libc_nano.a(libc_a-fwalk.o)
                0x0800d718                _fwalk_sglue
 .text.printf   0x0800d754       0x24 /opt/st/stm32cubeide_1.17.0/plugins/com.st.stm32cube.ide.mcu.externaltools.gnu-tools-for-stm32.12.3.rel1.linux64_1.1.0.202410170702/tools/bin/../lib/gcc/arm-none-eabi/12.3.1/../../../../arm-none-eabi/lib/thumb/v7e-m+fp/hard/libc_nano.a(libc_a-printf.o)
                0x0800d754                printf
                0x0800d754                iprintf
 .text._puts_r  0x0800d778       0xaa /opt/st/stm32cubeide_1.17.0/plugins/com.st.stm32cube.ide.mcu.externaltools.gnu-tools-for-stm32.12.3.rel1.linux64_1.1.0.202410170702/tools/bin/../lib/gcc/arm-none-eabi/12.3.1/../../../../arm-none-eabi/lib/thumb/v7e-m+fp/hard/libc_nano.a(libc_a-puts.o)
                0x0800d778                _puts_r
 *fill*         0x0800d822        0x2 
 .text.puts     0x0800d824       0x10 /opt/st/stm32cubeide_1.17.0/plugins/com.st.stm32cube.ide.mcu.externaltools.gnu-tools-for-stm32.12.3.rel1.linux64_1.1.0.202410170702/tools/bin/../lib/gcc/arm-none-eabi/12.3.1/../../../../arm-none-eabi/lib/thumb/v7e-m+fp/hard/libc_nano.a(libc_a-puts.o)
                0x0800d824                puts
 .text.snprintf
                0x0800d834       0x68 /opt/st/stm32cubeide_1.17.0/plugins/com.st.stm32cube.ide.mcu.externaltools.gnu-tools-for-stm32.12.3.rel1.linux64_1.1.0.202410170702/tools/bin/../lib/gcc/arm-none-eabi/12.3.1/../../../../arm-none-eabi/lib/thumb/v7e-m+fp/hard/libc_nano.a(libc_a-snprintf.o)
                0x0800d834                snprintf
                0x0800d834                sniprintf
 .text.__sread  0x0800d89c       0x22 /opt/st/stm32cubeide_1.17.0/plugins/com.st.stm32cube.ide.mcu.externaltools.gnu-tools-for-stm32.12.3.rel1.linux64_1.1.0.202410170702/tools/bin/../lib/gcc/arm-none-eabi/12.3.1/../../../../arm-none-eabi/lib/thumb/v7e-m+fp/hard/libc_nano.a(libc_a-stdio.o)
                0x0800d89c                __sread
 .text.__swrite
                0x0800d8be       0x38 /opt/st/stm32cubeide_1.17.0/plugins/com.st.stm32cube.ide.mcu.externaltools.gnu-tools-for-stm32.12.3.rel1.linux64_1.1.0.202410170702/tools/bin/../lib/gcc/arm-none-eabi/12.3.1/../../../../arm-none-eabi/lib/thumb/v7e-m+fp/hard/libc_nano.a(libc_a-stdio.o)
                0x0800d8be                __swrite
 .text.__sseek  0x0800d8f6       0x24 /opt/st/stm32cubeide_1.17.0/plugins/com.st.stm32cube.ide.mcu.externaltools.gnu-tools-for-stm32.12.3.rel1.linux64_1.1.0.202410170702/tools/bin/../lib/gcc/arm-none-eabi/12.3.1/../../../../arm-none-eabi/lib/thumb/v7e-m+fp/hard/libc_nano.a(libc_a-stdio.o)
                0x0800d8f6                __sseek
 .text.__sclose
                0x0800d91a        0x8 /opt/st/stm32cubeide_1.17.0/plugins/com.st.stm32cube.ide.mcu.externaltools.gnu-tools-for-stm32.12.3.rel1.linux64_1.1.0.202410170702/tools/bin/../lib/gcc/arm-none-eabi/12.3.1/../../../../arm-none-eabi/lib/thumb/v7e-m+fp/hard/libc_nano.a(libc_a-stdio.o)
                0x0800d91a                __sclose
 .text._vsnprintf_r
                0x0800d922       0x56 /opt/st/stm32cubeide_1.17.0/plugins/com.st.stm32cube.ide.mcu.externaltools.gnu-tools-for-stm32.12.3.rel1.linux64_1.1.0.202410170702/tools/bin/../lib/gcc/arm-none-eabi/12.3.1/../../../../arm-none-eabi/lib/thumb/v7e-m+fp/hard/libc_nano.a(libc_a-vsnprintf.o)
                0x0800d922                _vsnprintf_r
                0x0800d922                _vsniprintf_r
 .text.vsnprintf
                0x0800d978       0x1c /opt/st/stm32cubeide_1.17.0/plugins/com.st.stm32cube.ide.mcu.externaltools.gnu-tools-for-stm32.12.3.rel1.linux64_1.1.0.202410170702/tools/bin/../lib/gcc/arm-none-eabi/12.3.1/../../../../arm-none-eabi/lib/thumb/v7e-m+fp/hard/libc_nano.a(libc_a-vsnprintf.o)
                0x0800d978                vsnprintf
                0x0800d978                vsniprintf
 .text.__swbuf_r
                0x0800d994       0x7c /opt/st/stm32cubeide_1.17.0/plugins/com.st.stm32cube.ide.mcu.externaltools.gnu-tools-for-stm32.12.3.rel1.linux64_1.1.0.202410170702/tools/bin/../lib/gcc/arm-none-eabi/12.3.1/../../../../arm-none-eabi/lib/thumb/v7e-m+fp/hard/libc_nano.a(libc_a-wbuf.o)
                0x0800d994                __swbuf_r
 .text.__swsetup_r
                0x0800da10       0xac /opt/st/stm32cubeide_1.17.0/plugins/com.st.stm32cube.ide.mcu.externaltools.gnu-tools-for-stm32.12.3.rel1.linux64_1.1.0.202410170702/tools/bin/../lib/gcc/arm-none-eabi/12.3.1/../../../../arm-none-eabi/lib/thumb/v7e-m+fp/hard/libc_nano.a(libc_a-wsetup.o)
                0x0800da10                __swsetup_r
 .text.memset   0x0800dabc       0x10 /opt/st/stm32cubeide_1.17.0/plugins/com.st.stm32cube.ide.mcu.externaltools.gnu-tools-for-stm32.12.3.rel1.linux64_1.1.0.202410170702/tools/bin/../lib/gcc/arm-none-eabi/12.3.1/../../../../arm-none-eabi/lib/thumb/v7e-m+fp/hard/libc_nano.a(libc_a-memset.o)
                0x0800dabc                memset
 .text.strchr   0x0800dacc       0x1a /opt/st/stm32cubeide_1.17.0/plugins/com.st.stm32cube.ide.mcu.externaltools.gnu-tools-for-stm32.12.3.rel1.linux64_1.1.0.202410170702/tools/bin/../lib/gcc/arm-none-eabi/12.3.1/../../../../arm-none-eabi/lib/thumb/v7e-m+fp/hard/libc_nano.a(libc_a-strchr.o)
                0x0800dacc                strchr
 .text.strncmp  0x0800dae6       0x24 /opt/st/stm32cubeide_1.17.0/plugins/com.st.stm32cube.ide.mcu.externaltools.gnu-tools-for-stm32.12.3.rel1.linux64_1.1.0.202410170702/tools/bin/../lib/gcc/arm-none-eabi/12.3.1/../../../../arm-none-eabi/lib/thumb/v7e-m+fp/hard/libc_nano.a(libc_a-strncmp.o)
                0x0800dae6                strncmp
 .text.strncpy  0x0800db0a       0x26 /opt/st/stm32cubeide_1.17.0/plugins/com.st.stm32cube.ide.mcu.externaltools.gnu-tools-for-stm32.12.3.rel1.linux64_1.1.0.202410170702/tools/bin/../lib/gcc/arm-none-eabi/12.3.1/../../../../arm-none-eabi/lib/thumb/v7e-m+fp/hard/libc_nano.a(libc_a-strncpy.o)
                0x0800db0a                strncpy
 .text.strtok   0x0800db30       0x68 /opt/st/stm32cubeide_1.17.0/plugins/com.st.stm32cube.ide.mcu.externaltools.gnu-tools-for-stm32.12.3.rel1.linux64_1.1.0.202410170702/tools/bin/../lib/gcc/arm-none-eabi/12.3.1/../../../../arm-none-eabi/lib/thumb/v7e-m+fp/hard/libc_nano.a(libc_a-strtok.o)
                0x0800db30                strtok
 .text.__strtok_r
                0x0800db98       0x50 /opt/st/stm32cubeide_1.17.0/plugins/com.st.stm32cube.ide.mcu.externaltools.gnu-tools-for-stm32.12.3.rel1.linux64_1.1.0.202410170702/tools/bin/../lib/gcc/arm-none-eabi/12.3.1/../../../../arm-none-eabi/lib/thumb/v7e-m+fp/hard/libc_nano.a(libc_a-strtok_r.o)
                0x0800db98                __strtok_r
 .text.strstr   0x0800dbe8       0x2c /opt/st/stm32cubeide_1.17.0/plugins/com.st.stm32cube.ide.mcu.externaltools.gnu-tools-for-stm32.12.3.rel1.linux64_1.1.0.202410170702/tools/bin/../lib/gcc/arm-none-eabi/12.3.1/../../../../arm-none-eabi/lib/thumb/v7e-m+fp/hard/libc_nano.a(libc_a-strstr.o)
                0x0800dbe8                strstr
 .text._localeconv_r
                0x0800dc14        0x8 /opt/st/stm32cubeide_1.17.0/plugins/com.st.stm32cube.ide.mcu.externaltools.gnu-tools-for-stm32.12.3.rel1.linux64_1.1.0.202410170702/tools/bin/../lib/gcc/arm-none-eabi/12.3.1/../../../../arm-none-eabi/lib/thumb/v7e-m+fp/hard/libc_nano.a(libc_a-localeconv.o)
                0x0800dc14                _localeconv_r
 .text._close_r
                0x0800dc1c       0x20 /opt/st/stm32cubeide_1.17.0/plugins/com.st.stm32cube.ide.mcu.externaltools.gnu-tools-for-stm32.12.3.rel1.linux64_1.1.0.202410170702/tools/bin/../lib/gcc/arm-none-eabi/12.3.1/../../../../arm-none-eabi/lib/thumb/v7e-m+fp/hard/libc_nano.a(libc_a-closer.o)
                0x0800dc1c                _close_r
 .text._lseek_r
                0x0800dc3c       0x24 /opt/st/stm32cubeide_1.17.0/plugins/com.st.stm32cube.ide.mcu.externaltools.gnu-tools-for-stm32.12.3.rel1.linux64_1.1.0.202410170702/tools/bin/../lib/gcc/arm-none-eabi/12.3.1/../../../../arm-none-eabi/lib/thumb/v7e-m+fp/hard/libc_nano.a(libc_a-lseekr.o)
                0x0800dc3c                _lseek_r
 .text._read_r  0x0800dc60       0x24 /opt/st/stm32cubeide_1.17.0/plugins/com.st.stm32cube.ide.mcu.externaltools.gnu-tools-for-stm32.12.3.rel1.linux64_1.1.0.202410170702/tools/bin/../lib/gcc/arm-none-eabi/12.3.1/../../../../arm-none-eabi/lib/thumb/v7e-m+fp/hard/libc_nano.a(libc_a-readr.o)
                0x0800dc60                _read_r
 .text._write_r
                0x0800dc84       0x24 /opt/st/stm32cubeide_1.17.0/plugins/com.st.stm32cube.ide.mcu.externaltools.gnu-tools-for-stm32.12.3.rel1.linux64_1.1.0.202410170702/tools/bin/../lib/gcc/arm-none-eabi/12.3.1/../../../../arm-none-eabi/lib/thumb/v7e-m+fp/hard/libc_nano.a(libc_a-writer.o)
                0x0800dc84                _write_r
 .text.__errno  0x0800dca8        0xc /opt/st/stm32cubeide_1.17.0/plugins/com.st.stm32cube.ide.mcu.externaltools.gnu-tools-for-stm32.12.3.rel1.linux64_1.1.0.202410170702/tools/bin/../lib/gcc/arm-none-eabi/12.3.1/../../../../arm-none-eabi/lib/thumb/v7e-m+fp/hard/libc_nano.a(libc_a-errno.o)
                0x0800dca8                __errno
 .text.__libc_init_array
                0x0800dcb4       0x48 /opt/st/stm32cubeide_1.17.0/plugins/com.st.stm32cube.ide.mcu.externaltools.gnu-tools-for-stm32.12.3.rel1.linux64_1.1.0.202410170702/tools/bin/../lib/gcc/arm-none-eabi/12.3.1/../../../../arm-none-eabi/lib/thumb/v7e-m+fp/hard/libc_nano.a(libc_a-init.o)
                0x0800dcb4                __libc_init_array
 .text.__retarget_lock_init_recursive
                0x0800dcfc        0x2 /opt/st/stm32cubeide_1.17.0/plugins/com.st.stm32cube.ide.mcu.externaltools.gnu-tools-for-stm32.12.3.rel1.linux64_1.1.0.202410170702/tools/bin/../lib/gcc/arm-none-eabi/12.3.1/../../../../arm-none-eabi/lib/thumb/v7e-m+fp/hard/libc_nano.a(libc_a-lock.o)
                0x0800dcfc                __retarget_lock_init_recursive
 .text.__retarget_lock_acquire_recursive
                0x0800dcfe        0x2 /opt/st/stm32cubeide_1.17.0/plugins/com.st.stm32cube.ide.mcu.externaltools.gnu-tools-for-stm32.12.3.rel1.linux64_1.1.0.202410170702/tools/bin/../lib/gcc/arm-none-eabi/12.3.1/../../../../arm-none-eabi/lib/thumb/v7e-m+fp/hard/libc_nano.a(libc_a-lock.o)
                0x0800dcfe                __retarget_lock_acquire_recursive
 .text.__retarget_lock_release_recursive
                0x0800dd00        0x2 /opt/st/stm32cubeide_1.17.0/plugins/com.st.stm32cube.ide.mcu.externaltools.gnu-tools-for-stm32.12.3.rel1.linux64_1.1.0.202410170702/tools/bin/../lib/gcc/arm-none-eabi/12.3.1/../../../../arm-none-eabi/lib/thumb/v7e-m+fp/hard/libc_nano.a(libc_a-lock.o)
                0x0800dd00                __retarget_lock_release_recursive
 .text.strcpy   0x0800dd02       0x10 /opt/st/stm32cubeide_1.17.0/plugins/com.st.stm32cube.ide.mcu.externaltools.gnu-tools-for-stm32.12.3.rel1.linux64_1.1.0.202410170702/tools/bin/../lib/gcc/arm-none-eabi/12.3.1/../../../../arm-none-eabi/lib/thumb/v7e-m+fp/hard/libc_nano.a(libc_a-strcpy.o)
                0x0800dd02                strcpy
 .text.memcpy   0x0800dd12       0x1c /opt/st/stm32cubeide_1.17.0/plugins/com.st.stm32cube.ide.mcu.externaltools.gnu-tools-for-stm32.12.3.rel1.linux64_1.1.0.202410170702/tools/bin/../lib/gcc/arm-none-eabi/12.3.1/../../../../arm-none-eabi/lib/thumb/v7e-m+fp/hard/libc_nano.a(libc_a-memcpy-stub.o)
                0x0800dd12                memcpy
 *fill*         0x0800dd2e        0x2 
 .text.nan      0x0800dd30       0x10 /opt/st/stm32cubeide_1.17.0/plugins/com.st.stm32cube.ide.mcu.externaltools.gnu-tools-for-stm32.12.3.rel1.linux64_1.1.0.202410170702/tools/bin/../lib/gcc/arm-none-eabi/12.3.1/../../../../arm-none-eabi/lib/thumb/v7e-m+fp/hard/libc_nano.a(libm_a-s_nan.o)
                0x0800dd30                nan
 .text.nanf     0x0800dd40        0xc /opt/st/stm32cubeide_1.17.0/plugins/com.st.stm32cube.ide.mcu.externaltools.gnu-tools-for-stm32.12.3.rel1.linux64_1.1.0.202410170702/tools/bin/../lib/gcc/arm-none-eabi/12.3.1/../../../../arm-none-eabi/lib/thumb/v7e-m+fp/hard/libc_nano.a(libm_a-sf_nan.o)
                0x0800dd40                nanf
 .text.__assert_func
                0x0800dd4c       0x3c /opt/st/stm32cubeide_1.17.0/plugins/com.st.stm32cube.ide.mcu.externaltools.gnu-tools-for-stm32.12.3.rel1.linux64_1.1.0.202410170702/tools/bin/../lib/gcc/arm-none-eabi/12.3.1/../../../../arm-none-eabi/lib/thumb/v7e-m+fp/hard/libc_nano.a(libc_a-assert.o)
                0x0800dd4c                __assert_func
 .text.quorem   0x0800dd88      0x110 /opt/st/stm32cubeide_1.17.0/plugins/com.st.stm32cube.ide.mcu.externaltools.gnu-tools-for-stm32.12.3.rel1.linux64_1.1.0.202410170702/tools/bin/../lib/gcc/arm-none-eabi/12.3.1/../../../../arm-none-eabi/lib/thumb/v7e-m+fp/hard/libc_nano.a(libc_a-dtoa.o)
 .text._dtoa_r  0x0800de98      0xb88 /opt/st/stm32cubeide_1.17.0/plugins/com.st.stm32cube.ide.mcu.externaltools.gnu-tools-for-stm32.12.3.rel1.linux64_1.1.0.202410170702/tools/bin/../lib/gcc/arm-none-eabi/12.3.1/../../../../arm-none-eabi/lib/thumb/v7e-m+fp/hard/libc_nano.a(libc_a-dtoa.o)
                0x0800de98                _dtoa_r
 .text._free_r  0x0800ea20       0x94 /opt/st/stm32cubeide_1.17.0/plugins/com.st.stm32cube.ide.mcu.externaltools.gnu-tools-for-stm32.12.3.rel1.linux64_1.1.0.202410170702/tools/bin/../lib/gcc/arm-none-eabi/12.3.1/../../../../arm-none-eabi/lib/thumb/v7e-m+fp/hard/libc_nano.a(libc_a-freer.o)
                0x0800ea20                _free_r
 .text.rshift   0x0800eab4       0xa4 /opt/st/stm32cubeide_1.17.0/plugins/com.st.stm32cube.ide.mcu.externaltools.gnu-tools-for-stm32.12.3.rel1.linux64_1.1.0.202410170702/tools/bin/../lib/gcc/arm-none-eabi/12.3.1/../../../../arm-none-eabi/lib/thumb/v7e-m+fp/hard/libc_nano.a(libc_a-gdtoa-gethex.o)
 .text.__hexdig_fun
                0x0800eb58       0x2a /opt/st/stm32cubeide_1.17.0/plugins/com.st.stm32cube.ide.mcu.externaltools.gnu-tools-for-stm32.12.3.rel1.linux64_1.1.0.202410170702/tools/bin/../lib/gcc/arm-none-eabi/12.3.1/../../../../arm-none-eabi/lib/thumb/v7e-m+fp/hard/libc_nano.a(libc_a-gdtoa-gethex.o)
                0x0800eb58                __hexdig_fun
 *fill*         0x0800eb82        0x2 
 .text.__gethex
                0x0800eb84      0x420 /opt/st/stm32cubeide_1.17.0/plugins/com.st.stm32cube.ide.mcu.externaltools.gnu-tools-for-stm32.12.3.rel1.linux64_1.1.0.202410170702/tools/bin/../lib/gcc/arm-none-eabi/12.3.1/../../../../arm-none-eabi/lib/thumb/v7e-m+fp/hard/libc_nano.a(libc_a-gdtoa-gethex.o)
                0x0800eb84                __gethex
 .text.L_shift  0x0800efa4       0x24 /opt/st/stm32cubeide_1.17.0/plugins/com.st.stm32cube.ide.mcu.externaltools.gnu-tools-for-stm32.12.3.rel1.linux64_1.1.0.202410170702/tools/bin/../lib/gcc/arm-none-eabi/12.3.1/../../../../arm-none-eabi/lib/thumb/v7e-m+fp/hard/libc_nano.a(libc_a-gdtoa-hexnan.o)
 .text.__match  0x0800efc8       0x28 /opt/st/stm32cubeide_1.17.0/plugins/com.st.stm32cube.ide.mcu.externaltools.gnu-tools-for-stm32.12.3.rel1.linux64_1.1.0.202410170702/tools/bin/../lib/gcc/arm-none-eabi/12.3.1/../../../../arm-none-eabi/lib/thumb/v7e-m+fp/hard/libc_nano.a(libc_a-gdtoa-hexnan.o)
                0x0800efc8                __match
 .text.__hexnan
                0x0800eff0      0x136 /opt/st/stm32cubeide_1.17.0/plugins/com.st.stm32cube.ide.mcu.externaltools.gnu-tools-for-stm32.12.3.rel1.linux64_1.1.0.202410170702/tools/bin/../lib/gcc/arm-none-eabi/12.3.1/../../../../arm-none-eabi/lib/thumb/v7e-m+fp/hard/libc_nano.a(libc_a-gdtoa-hexnan.o)
                0x0800eff0                __hexnan
 *fill*         0x0800f126        0x2 
 .text.malloc   0x0800f128       0x10 /opt/st/stm32cubeide_1.17.0/plugins/com.st.stm32cube.ide.mcu.externaltools.gnu-tools-for-stm32.12.3.rel1.linux64_1.1.0.202410170702/tools/bin/../lib/gcc/arm-none-eabi/12.3.1/../../../../arm-none-eabi/lib/thumb/v7e-m+fp/hard/libc_nano.a(libc_a-malloc.o)
                0x0800f128                malloc
 .text.sbrk_aligned
                0x0800f138       0x44 /opt/st/stm32cubeide_1.17.0/plugins/com.st.stm32cube.ide.mcu.externaltools.gnu-tools-for-stm32.12.3.rel1.linux64_1.1.0.202410170702/tools/bin/../lib/gcc/arm-none-eabi/12.3.1/../../../../arm-none-eabi/lib/thumb/v7e-m+fp/hard/libc_nano.a(libc_a-mallocr.o)
 .text._malloc_r
                0x0800f17c      0x100 /opt/st/stm32cubeide_1.17.0/plugins/com.st.stm32cube.ide.mcu.externaltools.gnu-tools-for-stm32.12.3.rel1.linux64_1.1.0.202410170702/tools/bin/../lib/gcc/arm-none-eabi/12.3.1/../../../../arm-none-eabi/lib/thumb/v7e-m+fp/hard/libc_nano.a(libc_a-mallocr.o)
                0x0800f17c                _malloc_r
 .text.__ascii_mbtowc
                0x0800f27c       0x24 /opt/st/stm32cubeide_1.17.0/plugins/com.st.stm32cube.ide.mcu.externaltools.gnu-tools-for-stm32.12.3.rel1.linux64_1.1.0.202410170702/tools/bin/../lib/gcc/arm-none-eabi/12.3.1/../../../../arm-none-eabi/lib/thumb/v7e-m+fp/hard/libc_nano.a(libc_a-mbtowc_r.o)
                0x0800f27c                __ascii_mbtowc
 .text.__malloc_lock
                0x0800f2a0        0xc /opt/st/stm32cubeide_1.17.0/plugins/com.st.stm32cube.ide.mcu.externaltools.gnu-tools-for-stm32.12.3.rel1.linux64_1.1.0.202410170702/tools/bin/../lib/gcc/arm-none-eabi/12.3.1/../../../../arm-none-eabi/lib/thumb/v7e-m+fp/hard/libc_nano.a(libc_a-mlock.o)
                0x0800f2a0                __malloc_lock
 .text.__malloc_unlock
                0x0800f2ac        0xc /opt/st/stm32cubeide_1.17.0/plugins/com.st.stm32cube.ide.mcu.externaltools.gnu-tools-for-stm32.12.3.rel1.linux64_1.1.0.202410170702/tools/bin/../lib/gcc/arm-none-eabi/12.3.1/../../../../arm-none-eabi/lib/thumb/v7e-m+fp/hard/libc_nano.a(libc_a-mlock.o)
                0x0800f2ac                __malloc_unlock
 .text._Balloc  0x0800f2b8       0x80 /opt/st/stm32cubeide_1.17.0/plugins/com.st.stm32cube.ide.mcu.externaltools.gnu-tools-for-stm32.12.3.rel1.linux64_1.1.0.202410170702/tools/bin/../lib/gcc/arm-none-eabi/12.3.1/../../../../arm-none-eabi/lib/thumb/v7e-m+fp/hard/libc_nano.a(libc_a-mprec.o)
                0x0800f2b8                _Balloc
 .text._Bfree   0x0800f338       0x44 /opt/st/stm32cubeide_1.17.0/plugins/com.st.stm32cube.ide.mcu.externaltools.gnu-tools-for-stm32.12.3.rel1.linux64_1.1.0.202410170702/tools/bin/../lib/gcc/arm-none-eabi/12.3.1/../../../../arm-none-eabi/lib/thumb/v7e-m+fp/hard/libc_nano.a(libc_a-mprec.o)
                0x0800f338                _Bfree
 .text.__multadd
                0x0800f37c       0x8c /opt/st/stm32cubeide_1.17.0/plugins/com.st.stm32cube.ide.mcu.externaltools.gnu-tools-for-stm32.12.3.rel1.linux64_1.1.0.202410170702/tools/bin/../lib/gcc/arm-none-eabi/12.3.1/../../../../arm-none-eabi/lib/thumb/v7e-m+fp/hard/libc_nano.a(libc_a-mprec.o)
                0x0800f37c                __multadd
 .text.__s2b    0x0800f408       0x94 /opt/st/stm32cubeide_1.17.0/plugins/com.st.stm32cube.ide.mcu.externaltools.gnu-tools-for-stm32.12.3.rel1.linux64_1.1.0.202410170702/tools/bin/../lib/gcc/arm-none-eabi/12.3.1/../../../../arm-none-eabi/lib/thumb/v7e-m+fp/hard/libc_nano.a(libc_a-mprec.o)
                0x0800f408                __s2b
 .text.__hi0bits
                0x0800f49c       0x3e /opt/st/stm32cubeide_1.17.0/plugins/com.st.stm32cube.ide.mcu.externaltools.gnu-tools-for-stm32.12.3.rel1.linux64_1.1.0.202410170702/tools/bin/../lib/gcc/arm-none-eabi/12.3.1/../../../../arm-none-eabi/lib/thumb/v7e-m+fp/hard/libc_nano.a(libc_a-mprec.o)
                0x0800f49c                __hi0bits
 .text.__lo0bits
                0x0800f4da       0x5a /opt/st/stm32cubeide_1.17.0/plugins/com.st.stm32cube.ide.mcu.externaltools.gnu-tools-for-stm32.12.3.rel1.linux64_1.1.0.202410170702/tools/bin/../lib/gcc/arm-none-eabi/12.3.1/../../../../arm-none-eabi/lib/thumb/v7e-m+fp/hard/libc_nano.a(libc_a-mprec.o)
                0x0800f4da                __lo0bits
 .text.__i2b    0x0800f534       0x2c /opt/st/stm32cubeide_1.17.0/plugins/com.st.stm32cube.ide.mcu.externaltools.gnu-tools-for-stm32.12.3.rel1.linux64_1.1.0.202410170702/tools/bin/../lib/gcc/arm-none-eabi/12.3.1/../../../../arm-none-eabi/lib/thumb/v7e-m+fp/hard/libc_nano.a(libc_a-mprec.o)
                0x0800f534                __i2b
 .text.__multiply
                0x0800f560      0x154 /opt/st/stm32cubeide_1.17.0/plugins/com.st.stm32cube.ide.mcu.externaltools.gnu-tools-for-stm32.12.3.rel1.linux64_1.1.0.202410170702/tools/bin/../lib/gcc/arm-none-eabi/12.3.1/../../../../arm-none-eabi/lib/thumb/v7e-m+fp/hard/libc_nano.a(libc_a-mprec.o)
                0x0800f560                __multiply
 .text.__pow5mult
                0x0800f6b4       0xb4 /opt/st/stm32cubeide_1.17.0/plugins/com.st.stm32cube.ide.mcu.externaltools.gnu-tools-for-stm32.12.3.rel1.linux64_1.1.0.202410170702/tools/bin/../lib/gcc/arm-none-eabi/12.3.1/../../../../arm-none-eabi/lib/thumb/v7e-m+fp/hard/libc_nano.a(libc_a-mprec.o)
                0x0800f6b4                __pow5mult
 .text.__lshift
                0x0800f768       0xd8 /opt/st/stm32cubeide_1.17.0/plugins/com.st.stm32cube.ide.mcu.externaltools.gnu-tools-for-stm32.12.3.rel1.linux64_1.1.0.202410170702/tools/bin/../lib/gcc/arm-none-eabi/12.3.1/../../../../arm-none-eabi/lib/thumb/v7e-m+fp/hard/libc_nano.a(libc_a-mprec.o)
                0x0800f768                __lshift
 .text.__mcmp   0x0800f840       0x36 /opt/st/stm32cubeide_1.17.0/plugins/com.st.stm32cube.ide.mcu.externaltools.gnu-tools-for-stm32.12.3.rel1.linux64_1.1.0.202410170702/tools/bin/../lib/gcc/arm-none-eabi/12.3.1/../../../../arm-none-eabi/lib/thumb/v7e-m+fp/hard/libc_nano.a(libc_a-mprec.o)
                0x0800f840                __mcmp
 *fill*         0x0800f876        0x2 
 .text.__mdiff  0x0800f878      0x128 /opt/st/stm32cubeide_1.17.0/plugins/com.st.stm32cube.ide.mcu.externaltools.gnu-tools-for-stm32.12.3.rel1.linux64_1.1.0.202410170702/tools/bin/../lib/gcc/arm-none-eabi/12.3.1/../../../../arm-none-eabi/lib/thumb/v7e-m+fp/hard/libc_nano.a(libc_a-mprec.o)
                0x0800f878                __mdiff
 .text.__ulp    0x0800f9a0       0x4c /opt/st/stm32cubeide_1.17.0/plugins/com.st.stm32cube.ide.mcu.externaltools.gnu-tools-for-stm32.12.3.rel1.linux64_1.1.0.202410170702/tools/bin/../lib/gcc/arm-none-eabi/12.3.1/../../../../arm-none-eabi/lib/thumb/v7e-m+fp/hard/libc_nano.a(libc_a-mprec.o)
                0x0800f9a0                __ulp
 .text.__b2d    0x0800f9ec       0x94 /opt/st/stm32cubeide_1.17.0/plugins/com.st.stm32cube.ide.mcu.externaltools.gnu-tools-for-stm32.12.3.rel1.linux64_1.1.0.202410170702/tools/bin/../lib/gcc/arm-none-eabi/12.3.1/../../../../arm-none-eabi/lib/thumb/v7e-m+fp/hard/libc_nano.a(libc_a-mprec.o)
                0x0800f9ec                __b2d