../Core/Src/BAR.c:109:13:calculate_conversion_constants	8	static
../Core/Src/BAR.c:15:6:BAR_Init	8	static
../Core/Src/BAR.c:87:19:BAR_ReadCalibration	48	static
../Core/Src/BAR.c:123:6:BAR_CalculateConversionConstants	48	static
../Core/Src/BAR.c:25:19:BAR_Begin	16	static
../Core/Src/BAR.c:174:19:BAR_ReadRaw	40	static
../Core/Src/BAR.c:240:7:BAR_ConvertTemperature	0	static
../Core/Src/BAR.c:245:7:BAR_CalculateAltitude	8	static
../Core/Src/BAR.c:250:7:BAR_ConvertPressureWithCalibration	64	static
../Core/Src/BAR.c:217:6:BAR_ConvertData	8	static
../Core/Src/BAR.c:279:6:BAR_SetSeaLevelPressure	0	static
../Core/Src/BAR.c:284:6:BAR_SetSeaLevelPressureFromAltitude	16	static
../Core/Src/BAR.c:290:6:BAR_CalculateDisplacement	0	static
../Core/Src/BAR.c:297:6:BAR_SaveInitialAltitude	0	static
../Core/Src/BAR.c:49:19:BAR_Update	16	static
../Core/Src/BAR.c:313:6:BAR_PrintInfo	40	static
