../Core/Src/fatfs_sd_card.c:50:13:SPI_TxBuffer	0	static
../Core/Src/fatfs_sd_card.c:43:13:SPI_TxByte	16	static
../Core/Src/fatfs_sd_card.c:29:13:SELECT	8	static
../Core/Src/fatfs_sd_card.c:36:13:DESELECT	8	static
../Core/Src/fatfs_sd_card.c:57:16:SPI_RxByte	24	static
../Core/Src/fatfs_sd_card.c:95:13:SD_PowerOn	16	static
../Core/Src/fatfs_sd_card.c:79:16:SD_ReadyWait	8	static
../Core/Src/fatfs_sd_card.c:174:13:SD_TxDataBlock	16	static
../Core/Src/fatfs_sd_card.c:216:13:SD_SendCmd	16	static
../Core/Src/fatfs_sd_card.c:145:13:SD_RxDataBlock	16	static
../Core/Src/fatfs_sd_card.c:255:9:SD_disk_initialize	32	static
../Core/Src/fatfs_sd_card.c:355:9:SD_disk_status	0	static
../Core/Src/fatfs_sd_card.c:362:9:SD_disk_read	16	static
../Core/Src/fatfs_sd_card.c:404:9:SD_disk_write	24	static
../Core/Src/fatfs_sd_card.c:459:9:SD_disk_ioctl	32	static
