../Core/Src/GNSS.c:18:6:GNSS_Init	8	static
../Core/Src/GNSS.c:80:19:GNSS_StartDMA	16	static
../Core/Src/GNSS.c:163:6:GNSS_Write	16	static
../Core/Src/GNSS.c:176:6:GNSS_ReadIT	0	static
../Core/Src/GNSS.c:185:13:GNSS_GetSystemFromTalker	8	static
../Core/Src/GNSS.c:195:18:GNSS_GetMessageType	8	static
../Core/Src/GNSS.c:206:9:GNSS_ValidateChecksum	24	static
../Core/Src/GNSS.c:244:8:GNSS_ConvertCoordinate	16	static
../Core/Src/GNSS.c:251:6:GNSS_ConvertToDecimal	32	static
../Core/Src/GNSS.c:287:6:GNSS_SaveInitialPosition	32	static
../Core/Src/GNSS.c:270:6:GNSS_CheckFixStatus	0	static
../Core/Src/GNSS.c:305:6:GNSS_CalculateDisplacement	72	static
../Core/Src/GNSS.c:362:19:GNSS_SendCommand	144	static
../Core/Src/GNSS.c:34:19:GNSS_Configure	16	static
../Core/Src/GNSS.c:446:19:GNSS_SetHotStart	8	static
../Core/Src/GNSS.c:381:19:GNSS_InjectAidData	264	static
../Core/Src/GNSS.c:458:19:GNSS_SetWarmStart	8	static
../Core/Src/GNSS.c:470:19:GNSS_SetColdStart	8	static
../Core/Src/GNSS.c:482:19:GNSS_SetFullColdStart	8	static
../Core/Src/GNSS.c:494:19:GNSS_TestCommunication	16	static
../Core/Src/GNSS.c:568:6:parseRMC	304	static
../Core/Src/GNSS.c:676:6:parseGGA	272	static
../Core/Src/GNSS.c:751:6:parseGSA	280	static
../Core/Src/GNSS.c:516:6:parseNMEA	24	static
../Core/Src/GNSS.c:120:6:GNSS_ProcessData	24	static
../Core/Src/GNSS.c:168:6:GNSS_Read	8	static
../Core/Src/GNSS.c:811:8:GNSS_CalculateDistance	56	static
../Core/Src/GNSS.c:829:8:GNSS_CalculateBearing	80	static
../Core/Src/GNSS.c:847:6:GNSS_PrintInfo	40	static
../Core/Src/GNSS.c:934:6:GNSS_PrintDiagnostics	32	static
