../Core/Src/IMU.c:51:6:IMU_Init	8	static
../Core/Src/IMU.c:249:6:IMU_SetFilterType	0	static
../Core/Src/IMU.c:254:6:IMU_SetFilterAlpha	0	static
../Core/Src/IMU.c:303:6:IMU_SetAccOffset	0	static
../Core/Src/IMU.c:310:6:IMU_SetGyroOffset	0	static
../Core/Src/IMU.c:317:6:IMU_SetMagOffset	0	static
../Core/Src/IMU.c:324:6:IMU_SetMagScale	0	static
../Core/Src/IMU.c:380:6:IMU_ConvertData	0	static
../Core/Src/IMU.c:411:6:IMU_FilterData	0	static
../Core/Src/IMU.c:458:6:IMU_CalculateNED	32	static
../Core/Src/IMU.c:523:6:IMU_SaveInitialPosition	0	static
../Core/Src/IMU.c:546:6:IMU_CalculateDisplacement	0	static
../Core/Src/IMU.c:561:6:IMU_ResetPosition	0	static
../Core/Src/IMU.c:578:6:IMU_PrintInfo	48	static
../Core/Src/IMU.c:644:6:IMU_PrintCalibration	40	static
../Core/Src/IMU.c:682:19:IMU_WriteReg	24	static
../Core/Src/IMU.c:666:19:IMU_SelectBank	16	static
../Core/Src/IMU.c:214:19:IMU_SetRange	16	static
../Core/Src/IMU.c:696:19:IMU_ReadReg	32	static
../Core/Src/IMU.c:337:19:IMU_ReadRawData	24	static
../Core/Src/IMU.c:124:19:IMU_Update_	8	static
../Core/Src/IMU.c:171:19:IMU_Update	16	static
../Core/Src/IMU.c:265:19:IMU_Calibrate	40	static
../Core/Src/IMU.c:753:19:IMU_CollectMagDataToSD	136	static
../Core/Src/IMU.c:837:6:IMU_SetMagCalibration	12	static
../Core/Src/IMU.c:843:19:MAG_WriteReg	16	static
../Core/Src/IMU.c:861:19:MAG_ReadReg	16	static
../Core/Src/IMU.c:716:19:MAG_Init	16	static
../Core/Src/IMU.c:73:19:IMU_Begin	24	static
