../Core/Src/IMU_FUSION.c:137:7:FILTER_Apply	0	static
../Core/Src/IMU_FUSION.c:157:6:FILTER_Reset	0	static
../Core/Src/IMU_FUSION.c:97:6:FILTER_InitLowPass	24	static
../Core/Src/IMU_FUSION.c:117:6:FILTER_InitHighPass	24	static
../Core/Src/IMU_FUSION.c:16:6:FUSION_Init	24	static
../Core/Src/IMU_FUSION.c:169:6:FUSION_ComplementaryFilter	48	static
../Core/Src/IMU_FUSION.c:188:6:KALMAN_Init	0	static
../Core/Src/IMU_FUSION.c:203:7:KALMAN_Update	0	static
../Core/Src/IMU_FUSION.c:236:6:KALMAN_Reset	0	static
../Core/Src/IMU_FUSION.c:251:6:MADGWICK_Init	0	static
../Core/Src/IMU_FUSION.c:444:6:QUAT_Init	0	static
../Core/Src/IMU_FUSION.c:462:6:QUAT_ToEuler	32	static
../Core/Src/IMU_FUSION.c:482:6:QUAT_FromEuler	32	static
../Core/Src/IMU_FUSION.c:497:7:QUAT_InvSqrt	0	static
../Core/Src/IMU_FUSION.c:452:6:QUAT_Normalize	8	static
../Core/Src/IMU_FUSION.c:258:6:MADGWICK_Update	120	static
../Core/Src/IMU_FUSION.c:370:6:MADGWICK_UpdateIMU	56	static
../Core/Src/IMU_FUSION.c:513:6:FUSION_ApplyFilters	8	static
../Core/Src/IMU_FUSION.c:46:6:FUSION_Update	32	static
../Core/Src/IMU_FUSION.c:550:6:FUSION_SetComplementaryAlpha	0	static
../Core/Src/IMU_FUSION.c:557:6:FUSION_SetMadgwickBeta	0	static
../Core/Src/IMU_FUSION.c:564:6:FUSION_PrintAngles	40	static
../Core/Src/IMU_FUSION.c:658:6:FUSION_Update_GyroOnly	64	static
../Core/Src/IMU_FUSION.c:593:6:FUSION_Update_Adaptive	24	static
../Core/Src/IMU_FUSION.c:710:6:FUSION_Recover_From_Boost	56	static
../Core/Src/IMU_FUSION.c:763:6:FUSION_Kalman_Adaptive	56	static
../Core/Src/IMU_FUSION.c:810:6:FUSION_ComplementaryFilter_Adaptive	64	static
../Core/Src/IMU_FUSION.c:852:9:FUSION_IsAttitudeReliable	8	static
../Core/Src/IMU_FUSION.c:891:6:IMU_CalculateAttitude_Adaptive	24	static
