../Core/Src/LORA.c:502:6:LORA_InternalStartReceptionCallback	0	static
../Core/Src/LORA.c:507:6:LORA_InternalPacketHandlerCallback	0	static
../Core/Src/LORA.c:497:6:LORA_InternalTransmitCallback	0	static
../Core/Src/LORA.c:19:6:LORA_Init	8	static
../Core/Src/LORA.c:74:6:LORA_SetAddress	0	static
../Core/Src/LORA.c:80:6:LORA_SetChannel	0	static
../Core/Src/LORA.c:85:6:LORA_SetPacketCallback	0	static
../Core/Src/LORA.c:94:6:LORA_SetTransceiverMode	8	static
../Core/Src/LORA.c:521:6:LORA_InternalSetTransceiverModeCallback	0	static
../Core/Src/LORA.c:102:6:LORA_SetConfigMode	8	static
../Core/Src/LORA.c:514:6:LORA_InternalSetConfigModeCallback	0	static
../Core/Src/LORA.c:203:19:LORA_SendDataTo	24	static
../Core/Src/LORA.c:123:19:LORA_SendData	24	static
../Core/Src/LORA.c:188:19:LORA_SendStringTo	32	static
../Core/Src/LORA.c:114:19:LORA_SendString	4	static
../Core/Src/LORA.c:132:19:LORA_SendFormatted	260	static
../Core/Src/LORA.c:157:19:LORA_SendInt	0	static
../Core/Src/LORA.c:166:19:LORA_SendFloat	8	static
../Core/Src/LORA.c:175:19:LORA_SendDouble	0	static
../Core/Src/LORA.c:242:19:LORA_SendStructTo	24	static
../Core/Src/LORA.c:147:19:LORA_SendStruct	24	static
../Core/Src/LORA.c:263:6:LORA_StartReception	8	static
../Core/Src/LORA.c:34:19:LORA_Begin	24	static
../Core/Src/LORA.c:279:6:LORA_HandleIdleInterrupt	16	static
../Core/Src/LORA.c:320:6:LORA_ProcessReceived	0	static
../Core/Src/LORA.c:338:6:LORA_Manager	8	static
../Core/Src/LORA.c:355:6:LORA_MakeReady	8	static
../Core/Src/LORA.c:369:6:LORA_PrintInfo	16	static
../Core/Src/LORA.c:419:19:LORA_WaitTxComplete	16	static,ignoring_inline_asm
../Core/Src/LORA.c:453:8:LORA_IsTxComplete	8	static
../Core/Src/LORA.c:486:6:LORA_SetTxTimeout	0	static
