../Core/Src/main.c:98:1:__io_putchar	16	static
../Core/Src/main.c:104:5:_write	16	static
../Core/Src/main.c:118:6:TEST_SDWriteSpeed_Detailed	280	static
../Core/Src/main.c:156:6:ROCKET_EmergencyMode	8	static
../Core/Src/main.c:172:6:ROCKET_PreFlightSequence	24	static
../Core/Src/main.c:508:6:SystemClock_Config	96	static,ignoring_inline_asm
../Core/Src/main.c:275:5:main	112	static,ignoring_inline_asm
../Core/Src/main.c:905:6:HAL_UART_TxCpltCallback	8	static
../Core/Src/main.c:928:6:Error_Handler	0	static,ignoring_inline_asm
