../Core/Src/ROCKET_FSM.c:19:6:ROCKET_FSM_Init	8	static
../Core/Src/ROCKET_FSM.c:48:6:ROCKET_FSM_ConfigureForProfile	40	static
../Core/Src/ROCKET_FSM.c:112:9:ROCKET_FSM_DetectLiftoff	8	static
../Core/Src/ROCKET_FSM.c:137:9:ROCKET_FSM_DetectBurnout	32	static
../Core/Src/ROCKET_FSM.c:162:9:ROCKET_FSM_DetectApogee	40	static
../Core/Src/ROCKET_FSM.c:234:9:ROCKET_FSM_DetectLanding	40	static
../Core/Src/ROCKET_FSM.c:362:13:ROCKET_FSM_GetStateName	0	static
../Core/Src/ROCKET_FSM.c:65:13:FSM_TransitionTo	16	static
../Core/Src/ROCKET_FSM.c:268:6:ROCKET_FSM_Update	16	static
../Core/Src/ROCKET_FSM.c:356:6:ROCKET_FSM_SetState	16	static
../Core/Src/ROCKET_FSM.c:378:9:ROCKET_FSM_IsFlying	0	static
../Core/Src/ROCKET_FSM.c:384:7:ROCKET_FSM_GetStateTime	8	static
../Core/Src/ROCKET_FSM.c:389:6:ROCKET_FSM_PrintStatistics	32	static
../Core/Src/ROCKET_FSM.c:422:19:ROCKET_FSM_SaveFlightSummary	32	static
