../Core/Src/ROCKET.c:300:6:ROCKET_EKF_Init	16	static
../Core/Src/ROCKET.c:352:6:ROCKET_EKF_EnforceSymmetry	168	static
../Core/Src/ROCKET.c:365:6:ROCKET_InitEKF_PreFlight	0	static
../Core/Src/ROCKET.c:385:6:ROCKET_EKF_Predict	456	static
../Core/Src/ROCKET.c:434:6:ROCKET_EKF_UpdateGPS	392	static
../Core/Src/ROCKET.c:488:6:ROCKET_EKF_UpdateBaro	48	static
../Core/Src/ROCKET.c:516:6:ROCKET_GPS_ToNED	72	static
../Core/Src/ROCKET.c:552:6:ROCKET_UpdateState	88	static
../Core/Src/ROCKET.c:709:6:ROCKET_UpdateBarometer	0	static
../Core/Src/ROCKET.c:716:6:ROCKET_UpdateIMU	0	static
../Core/Src/ROCKET.c:728:6:ROCKET_CheckGNSS	8	static
../Core/Src/ROCKET.c:741:6:ROCKET_BuildPayload	40	static
../Core/Src/ROCKET.c:817:19:ROCKET_SendTelemetry	128	static
../Core/Src/ROCKET.c:868:19:ROCKET_Logger_Init	8	static
../Core/Src/ROCKET.c:48:6:ROCKET_Init	40	static
../Core/Src/ROCKET.c:889:19:ROCKET_Logger_CreateFile	24	static
../Core/Src/ROCKET.c:940:19:ROCKET_Logger_AddSample	48	static
../Core/Src/ROCKET.c:1054:6:ROCKET_Logger_DataToCSV	64	static
../Core/Src/ROCKET.c:1109:19:ROCKET_Logger_Flush	40	static
../Core/Src/ROCKET.c:1182:19:ROCKET_Logger_ForceFlush	8	static
../Core/Src/ROCKET.c:1219:6:ROCKET_Logger_PrintStats	8	static
../Core/Src/ROCKET.c:1188:19:ROCKET_Logger_Close	280	static
../Core/Src/ROCKET.c:1238:19:ROCKET_CollectMagCalibrationData	16	static
../Core/Src/ROCKET.c:1259:19:ROCKET_CreateLogFile	0	static
../Core/Src/ROCKET.c:1283:19:ROCKET_LogToSD	0	static
../Core/Src/ROCKET.c:1316:19:ROCKET_CreateEKFLogFile	16	static
../Core/Src/ROCKET.c:1348:19:ROCKET_LogEKFToSD	0	static
../Core/Src/ROCKET.c:1390:19:ROCKET_LogToSD_Smart	112	static
../Core/Src/ROCKET.c:1430:19:ROCKET_CalibrateIMU	0	static
../Core/Src/ROCKET.c:74:19:ROCKET_BeginPeripherals	216	static
../Core/Src/ROCKET.c:1439:6:ROCKET_SetEKFNoiseParameters	0	static
../Core/Src/ROCKET.c:1451:6:ROCKET_AutoCalibrateOnPad	32	static
../Core/Src/ROCKET.c:1488:9:ROCKET_DetectApogee_Redundant	16	static
../Core/Src/ROCKET.c:1544:6:ROCKET_AdjustTimingsForPhase	0	static
../Core/Src/ROCKET.c:1586:6:ROCKET_CheckGNSS_Smart	16	static
../Core/Src/ROCKET.c:1621:6:ROCKET_PrintEKFForMatlab	96	static
../Core/Src/ROCKET.c:1635:6:ROCKET_PrintInfo	40	static
../Core/Src/ROCKET.c:1671:6:ROCKET_PrintState	40	static
../Core/Src/ROCKET.c:1686:9:ROCKET_CheckPeripherals	0	static
../Core/Src/ROCKET.c:1696:6:ROCKET_SetTransmissionInterval	0	static
../Core/Src/ROCKET.c:1701:6:ROCKET_SetSDWriteInterval	0	static
../Core/Src/ROCKET.c:1706:6:ROCKET_EnableEKF	8	static
../Core/Src/ROCKET.c:1719:19:ROCKET_InjectGPSAidData	24	static
../Core/Src/ROCKET.c:1737:6:GNSS_SetFlightMode	0	static
../Core/Src/ROCKET.c:1769:6:BAR_SetModeForPhase	0	static
../Core/Src/ROCKET.c:193:6:ROCKET_Manager	24	static
../Core/Src/ROCKET.c:1807:7:BAR_GetFilteredAltitude	56	static
