../Core/Src/SD.c:65:6:SD_GetCardInfo.part.0	24	static
../Core/Src/SD.c:15:6:SD_Init	8	static
../Core/Src/SD.c:27:19:SD_Mount	16	static
../Core/Src/SD.c:65:6:SD_GetCardInfo	0	static
../Core/Src/SD.c:118:19:SD_CloseFile	8	static
../Core/Src/SD.c:49:19:SD_Unmount	8	static
../Core/Src/SD.c:82:19:SD_OpenFile	24	static
../Core/Src/SD.c:131:19:SD_DeleteFile	8	static
../Core/Src/SD.c:142:19:SD_FileExists	288	static
../Core/Src/SD.c:158:19:SD_WriteLine	32	static
../Core/Src/SD.c:186:19:SD_WriteFormatted	20	static
../Core/Src/SD.c:202:19:SD_WriteData	24	static
../Core/Src/SD.c:226:19:SD_WriteCSVHeader	0	static
../Core/Src/SD.c:236:19:SD_WriteCSVLine	28	static
../Core/Src/SD.c:262:19:SD_JSONStart	8	static
../Core/Src/SD.c:296:19:SD_JSONStartObject	16	static
../Core/Src/SD.c:316:19:SD_JSONEndObject	8	static
../Core/Src/SD.c:277:19:SD_JSONEnd	16	static
../Core/Src/SD.c:329:19:SD_JSONAddString	32	static
../Core/Src/SD.c:349:19:SD_JSONAddNumber	32	static
../Core/Src/SD.c:368:19:SD_JSONAddInt	32	static
../Core/Src/SD.c:387:19:SD_JSONAddBool	32	static
../Core/Src/SD.c:410:19:SD_ReadLine	8	static
../Core/Src/SD.c:423:19:SD_ReadFile	4168	static
../Core/Src/SD.c:450:6:SD_Sync	0	static
../Core/Src/SD.c:457:6:SD_PrintInfo	24	static
../Core/Src/SD.c:511:19:SD_QuickWriteLine	16	static
../Core/Src/SD.c:528:19:SD_QuickWriteFormatted	24	static
